Component: ARM Compiler 5.06 update 7 (build 960) Tool: armlink [4d3601]

==============================================================================

Section Cross References

    startup_stm32f030x6.o(STACK) refers (Special) to heapauxi.o(.text) for __use_two_region_memory
    startup_stm32f030x6.o(HEAP) refers (Special) to heapauxi.o(.text) for __use_two_region_memory
    startup_stm32f030x6.o(RESET) refers (Special) to heapauxi.o(.text) for __use_two_region_memory
    startup_stm32f030x6.o(RESET) refers to startup_stm32f030x6.o(STACK) for __initial_sp
    startup_stm32f030x6.o(RESET) refers to startup_stm32f030x6.o(.text) for Reset_Handler
    startup_stm32f030x6.o(RESET) refers to stm32f0xx_it.o(i.NMI_Handler) for NMI_Handler
    startup_stm32f030x6.o(RESET) refers to stm32f0xx_it.o(i.HardFault_Handler) for HardFault_Handler
    startup_stm32f030x6.o(RESET) refers to stm32f0xx_it.o(i.SVC_Handler) for SVC_Handler
    startup_stm32f030x6.o(RESET) refers to stm32f0xx_it.o(i.PendSV_Handler) for PendSV_Handler
    startup_stm32f030x6.o(RESET) refers to stm32f0xx_it.o(i.SysTick_Handler) for SysTick_Handler
    startup_stm32f030x6.o(RESET) refers to stm32f0xx_it.o(i.ADC1_IRQHandler) for ADC1_IRQHandler
    startup_stm32f030x6.o(RESET) refers to stm32f0xx_it.o(i.TIM3_IRQHandler) for TIM3_IRQHandler
    startup_stm32f030x6.o(RESET) refers to stm32f0xx_it.o(i.TIM14_IRQHandler) for TIM14_IRQHandler
    startup_stm32f030x6.o(RESET) refers to stm32f0xx_it.o(i.I2C1_IRQHandler) for I2C1_IRQHandler
    startup_stm32f030x6.o(.text) refers (Special) to heapauxi.o(.text) for __use_two_region_memory
    startup_stm32f030x6.o(.text) refers to system_stm32f0xx.o(i.SystemInit) for SystemInit
    startup_stm32f030x6.o(.text) refers to __main.o(!!!main) for __main
    startup_stm32f030x6.o(.text) refers to startup_stm32f030x6.o(HEAP) for Heap_Mem
    startup_stm32f030x6.o(.text) refers to startup_stm32f030x6.o(STACK) for Stack_Mem
    main.o(i.Key_Scan) refers to stm32f0xx_hal_gpio.o(i.HAL_GPIO_ReadPin) for HAL_GPIO_ReadPin
    main.o(i.SystemClock_Config) refers to rt_memclr.o(.text) for __aeabi_memclr4
    main.o(i.SystemClock_Config) refers to stm32f0xx_hal_rcc.o(i.HAL_RCC_OscConfig) for HAL_RCC_OscConfig
    main.o(i.SystemClock_Config) refers to main.o(i.Error_Handler) for Error_Handler
    main.o(i.SystemClock_Config) refers to stm32f0xx_hal_rcc.o(i.HAL_RCC_ClockConfig) for HAL_RCC_ClockConfig
    main.o(i.SystemClock_Config) refers to stm32f0xx_hal_rcc_ex.o(i.HAL_RCCEx_PeriphCLKConfig) for HAL_RCCEx_PeriphCLKConfig
    main.o(i.main) refers to stm32f0xx_hal.o(i.HAL_Init) for HAL_Init
    main.o(i.main) refers to main.o(i.SystemClock_Config) for SystemClock_Config
    main.o(i.main) refers to gpio.o(i.MX_GPIO_Init) for MX_GPIO_Init
    main.o(i.main) refers to adc.o(i.MX_ADC_Init) for MX_ADC_Init
    main.o(i.main) refers to i2c.o(i.MX_I2C1_Init) for MX_I2C1_Init
    main.o(i.main) refers to tim.o(i.MX_TIM3_Init) for MX_TIM3_Init
    main.o(i.main) refers to tim.o(i.MX_TIM14_Init) for MX_TIM14_Init
    main.o(i.main) refers to stm32f0xx_hal_tim.o(i.HAL_TIM_PWM_Start) for HAL_TIM_PWM_Start
    main.o(i.main) refers to stm32f0xx_hal_gpio.o(i.HAL_GPIO_WritePin) for HAL_GPIO_WritePin
    main.o(i.main) refers to main.o(i.Key_Scan) for Key_Scan
    main.o(i.main) refers to stm32f0xx_hal.o(i.HAL_Delay) for HAL_Delay
    main.o(i.main) refers to tim.o(.bss) for htim3
    gpio.o(i.MX_GPIO_Init) refers to rt_memclr.o(.text) for __aeabi_memclr4
    gpio.o(i.MX_GPIO_Init) refers to stm32f0xx_hal_gpio.o(i.HAL_GPIO_WritePin) for HAL_GPIO_WritePin
    gpio.o(i.MX_GPIO_Init) refers to stm32f0xx_hal_gpio.o(i.HAL_GPIO_Init) for HAL_GPIO_Init
    adc.o(i.HAL_ADC_MspDeInit) refers to stm32f0xx_hal_gpio.o(i.HAL_GPIO_DeInit) for HAL_GPIO_DeInit
    adc.o(i.HAL_ADC_MspDeInit) refers to stm32f0xx_hal_cortex.o(i.HAL_NVIC_DisableIRQ) for HAL_NVIC_DisableIRQ
    adc.o(i.HAL_ADC_MspInit) refers to rt_memclr.o(.text) for __aeabi_memclr4
    adc.o(i.HAL_ADC_MspInit) refers to stm32f0xx_hal_gpio.o(i.HAL_GPIO_Init) for HAL_GPIO_Init
    adc.o(i.HAL_ADC_MspInit) refers to stm32f0xx_hal_cortex.o(i.HAL_NVIC_SetPriority) for HAL_NVIC_SetPriority
    adc.o(i.HAL_ADC_MspInit) refers to stm32f0xx_hal_cortex.o(i.HAL_NVIC_EnableIRQ) for HAL_NVIC_EnableIRQ
    adc.o(i.MX_ADC_Init) refers to stm32f0xx_hal_adc.o(i.HAL_ADC_Init) for HAL_ADC_Init
    adc.o(i.MX_ADC_Init) refers to main.o(i.Error_Handler) for Error_Handler
    adc.o(i.MX_ADC_Init) refers to stm32f0xx_hal_adc.o(i.HAL_ADC_ConfigChannel) for HAL_ADC_ConfigChannel
    adc.o(i.MX_ADC_Init) refers to adc.o(.bss) for hadc
    i2c.o(i.HAL_I2C_MspDeInit) refers to stm32f0xx_hal_gpio.o(i.HAL_GPIO_DeInit) for HAL_GPIO_DeInit
    i2c.o(i.HAL_I2C_MspDeInit) refers to stm32f0xx_hal_cortex.o(i.HAL_NVIC_DisableIRQ) for HAL_NVIC_DisableIRQ
    i2c.o(i.HAL_I2C_MspInit) refers to rt_memclr.o(.text) for __aeabi_memclr4
    i2c.o(i.HAL_I2C_MspInit) refers to stm32f0xx_hal_gpio.o(i.HAL_GPIO_Init) for HAL_GPIO_Init
[...]
    Removing stm32f0xx_hal_exti.o(i.HAL_EXTI_GetPending), (36 bytes).
    Removing stm32f0xx_hal_exti.o(i.HAL_EXTI_IRQHandler), (48 bytes).
    Removing stm32f0xx_hal_exti.o(i.HAL_EXTI_RegisterCallback), (22 bytes).
    Removing stm32f0xx_hal_exti.o(i.HAL_EXTI_SetConfigLine), (236 bytes).
    Removing stm32f0xx_hal_tim.o(.rev16_text), (4 bytes).
    Removing stm32f0xx_hal_tim.o(.revsh_text), (4 bytes).
    Removing stm32f0xx_hal_tim.o(i.HAL_TIM_Base_DeInit), (124 bytes).
    Removing stm32f0xx_hal_tim.o(i.HAL_TIM_Base_GetState), (8 bytes).
    Removing stm32f0xx_hal_tim.o(i.HAL_TIM_Base_MspDeInit), (2 bytes).
    Removing stm32f0xx_hal_tim.o(i.HAL_TIM_Base_MspInit), (2 bytes).
    Removing stm32f0xx_hal_tim.o(i.HAL_TIM_Base_Start), (88 bytes).
    Removing stm32f0xx_hal_tim.o(i.HAL_TIM_Base_Start_DMA), (184 bytes).
    Removing stm32f0xx_hal_tim.o(i.HAL_TIM_Base_Start_IT), (100 bytes).
    Removing stm32f0xx_hal_tim.o(i.HAL_TIM_Base_Stop), (56 bytes).
    Removing stm32f0xx_hal_tim.o(i.HAL_TIM_Base_Stop_DMA), (80 bytes).
    Removing stm32f0xx_hal_tim.o(i.HAL_TIM_Base_Stop_IT), (68 bytes).
    Removing stm32f0xx_hal_tim.o(i.HAL_TIM_ConfigOCrefClear), (336 bytes).
    Removing stm32f0xx_hal_tim.o(i.HAL_TIM_ConfigTI1Input), (32 bytes).
    Removing stm32f0xx_hal_tim.o(i.HAL_TIM_DMABurstState), (8 bytes).
    Removing stm32f0xx_hal_tim.o(i.HAL_TIM_DMABurst_MultiReadStart), (520 bytes).
    Removing stm32f0xx_hal_tim.o(i.HAL_TIM_DMABurst_MultiWriteStart), (520 bytes).
    Removing stm32f0xx_hal_tim.o(i.HAL_TIM_DMABurst_ReadStart), (40 bytes).
    Removing stm32f0xx_hal_tim.o(i.HAL_TIM_DMABurst_ReadStop), (160 bytes).
    Removing stm32f0xx_hal_tim.o(i.HAL_TIM_DMABurst_WriteStart), (40 bytes).
    Removing stm32f0xx_hal_tim.o(i.HAL_TIM_DMABurst_WriteStop), (160 bytes).
    Removing stm32f0xx_hal_tim.o(i.HAL_TIM_Encoder_DeInit), (100 bytes).
    Removing stm32f0xx_hal_tim.o(i.HAL_TIM_Encoder_GetState), (8 bytes).
    Removing stm32f0xx_hal_tim.o(i.HAL_TIM_Encoder_Init), (212 bytes).
    Removing stm32f0xx_hal_tim.o(i.HAL_TIM_Encoder_MspDeInit), (2 bytes).
    Removing stm32f0xx_hal_tim.o(i.HAL_TIM_Encoder_MspInit), (2 bytes).
    Removing stm32f0xx_hal_tim.o(i.HAL_TIM_Encoder_Start), (202 bytes).
    Removing stm32f0xx_hal_tim.o(i.HAL_TIM_Encoder_Start_DMA), (588 bytes).
    Removing stm32f0xx_hal_tim.o(i.HAL_TIM_Encoder_Start_IT), (250 bytes).
    Removing stm32f0xx_hal_tim.o(i.HAL_TIM_Encoder_Stop), (224 bytes).
    Removing stm32f0xx_hal_tim.o(i.HAL_TIM_Encoder_Stop_DMA), (296 bytes).
    Removing stm32f0xx_hal_tim.o(i.HAL_TIM_Encoder_Stop_IT), (268 bytes).
    Removing stm32f0xx_hal_tim.o(i.HAL_TIM_ErrorCallback), (2 bytes).
    Removing stm32f0xx_hal_tim.o(i.HAL_TIM_GenerateEvent), (54 bytes).
    Removing stm32f0xx_hal_tim.o(i.HAL_TIM_GetActiveChannel), (6 bytes).
    Removing stm32f0xx_hal_tim.o(i.HAL_TIM_GetChannelState), (40 bytes).
    Removing stm32f0xx_hal_tim.o(i.HAL_TIM_IC_CaptureHalfCpltCallback), (2 bytes).
    Removing stm32f0xx_hal_tim.o(i.HAL_TIM_IC_ConfigChannel), (226 bytes).
    Removing stm32f0xx_hal_tim.o(i.HAL_TIM_IC_DeInit), (124 bytes).
    Removing stm32f0xx_hal_tim.o(i.HAL_TIM_IC_GetState), (8 bytes).
    Removing stm32f0xx_hal_tim.o(i.HAL_TIM_IC_Init), (100 bytes).
    Removing stm32f0xx_hal_tim.o(i.HAL_TIM_IC_MspDeInit), (2 bytes).
    Removing stm32f0xx_hal_tim.o(i.HAL_TIM_IC_MspInit), (2 bytes).
    Removing stm32f0xx_hal_tim.o(i.HAL_TIM_IC_Start), (252 bytes).
    Removing stm32f0xx_hal_tim.o(i.HAL_TIM_IC_Start_DMA), (580 bytes).
    Removing stm32f0xx_hal_tim.o(i.HAL_TIM_IC_Start_IT), (340 bytes).
    Removing stm32f0xx_hal_tim.o(i.HAL_TIM_IC_Stop), (148 bytes).
    Removing stm32f0xx_hal_tim.o(i.HAL_TIM_IC_Stop_DMA), (268 bytes).
    Removing stm32f0xx_hal_tim.o(i.HAL_TIM_IC_Stop_IT), (236 bytes).
    Removing stm32f0xx_hal_tim.o(i.HAL_TIM_OC_ConfigChannel), (110 bytes).
    Removing stm32f0xx_hal_tim.o(i.HAL_TIM_OC_DeInit), (124 bytes).
    Removing stm32f0xx_hal_tim.o(i.HAL_TIM_OC_GetState), (8 bytes).
    Removing stm32f0xx_hal_tim.o(i.HAL_TIM_OC_Init), (100 bytes).
    Removing stm32f0xx_hal_tim.o(i.HAL_TIM_OC_MspDeInit), (2 bytes).
    Removing stm32f0xx_hal_tim.o(i.HAL_TIM_OC_MspInit), (2 bytes).
    Removing stm32f0xx_hal_tim.o(i.HAL_TIM_OC_Start), (224 bytes).
    Removing stm32f0xx_hal_tim.o(i.HAL_TIM_OC_Start_DMA), (576 bytes).
    Removing stm32f0xx_hal_tim.o(i.HAL_TIM_OC_Start_IT), (308 bytes).
    Removing stm32f0xx_hal_tim.o(i.HAL_TIM_OC_Stop), (196 bytes).
    Removing stm32f0xx_hal_tim.o(i.HAL_TIM_OC_Stop_DMA), (312 bytes).
    Removing stm32f0xx_hal_tim.o(i.HAL_TIM_OC_Stop_IT), (280 bytes).
    Removing stm32f0xx_hal_tim.o(i.HAL_TIM_OnePulse_ConfigChannel), (318 bytes).
    Removing stm32f0xx_hal_tim.o(i.HAL_TIM_OnePulse_DeInit), (100 bytes).
    Removing stm32f0xx_hal_tim.o(i.HAL_TIM_OnePulse_GetState), (8 bytes).
    Removing stm32f0xx_hal_tim.o(i.HAL_TIM_OnePulse_Init), (100 bytes).
    Removing stm32f0xx_hal_tim.o(i.HAL_TIM_OnePulse_MspDeInit), (2 bytes).
    Removing stm32f0xx_hal_tim.o(i.HAL_TIM_OnePulse_MspInit), (2 bytes).
    Removing stm32f0xx_hal_tim.o(i.HAL_TIM_OnePulse_Start), (148 bytes).
    Removing stm32f0xx_hal_tim.o(i.HAL_TIM_OnePulse_Start_IT), (168 bytes).
    Removing stm32f0xx_hal_tim.o(i.HAL_TIM_OnePulse_Stop), (180 bytes).
    Removing stm32f0xx_hal_tim.o(i.HAL_TIM_OnePulse_Stop_IT), (204 bytes).
    Removing stm32f0xx_hal_tim.o(i.HAL_TIM_PWM_DeInit), (124 bytes).
    Removing stm32f0xx_hal_tim.o(i.HAL_TIM_PWM_GetState), (8 bytes).
    Removing stm32f0xx_hal_tim.o(i.HAL_TIM_PWM_MspDeInit), (2 bytes).
    Removing stm32f0xx_hal_tim.o(i.HAL_TIM_PWM_PulseFinishedHalfCpltCallback), (2 bytes).
    Removing stm32f0xx_hal_tim.o(i.HAL_TIM_PWM_Start_DMA), (576 bytes).
    Removing stm32f0xx_hal_tim.o(i.HAL_TIM_PWM_Start_IT), (308 bytes).
    Removing stm32f0xx_hal_tim.o(i.HAL_TIM_PWM_Stop), (196 bytes).
    Removing stm32f0xx_hal_tim.o(i.HAL_TIM_PWM_Stop_DMA), (312 bytes).
    Removing stm32f0xx_hal_tim.o(i.HAL_TIM_PWM_Stop_IT), (280 bytes).
    Removing stm32f0xx_hal_tim.o(i.HAL_TIM_PeriodElapsedHalfCpltCallback), (2 bytes).
    Removing stm32f0xx_hal_tim.o(i.HAL_TIM_ReadCapturedValue), (52 bytes).
    Removing stm32f0xx_hal_tim.o(i.HAL_TIM_SlaveConfigSynchro), (112 bytes).
    Removing stm32f0xx_hal_tim.o(i.HAL_TIM_SlaveConfigSynchro_IT), (112 bytes).
    Removing stm32f0xx_hal_tim.o(i.HAL_TIM_TriggerHalfCpltCallback), (2 bytes).
    Removing stm32f0xx_hal_tim.o(i.TIM_DMACaptureCplt), (128 bytes).
    Removing stm32f0xx_hal_tim.o(i.TIM_DMACaptureHalfCplt), (64 bytes).
    Removing stm32f0xx_hal_tim.o(i.TIM_DMADelayPulseCplt), (112 bytes).
    Removing stm32f0xx_hal_tim.o(i.TIM_DMADelayPulseHalfCplt), (64 bytes).
    Removing stm32f0xx_hal_tim.o(i.TIM_DMAError), (96 bytes).
    Removing stm32f0xx_hal_tim.o(i.TIM_DMAPeriodElapsedCplt), (28 bytes).
    Removing stm32f0xx_hal_tim.o(i.TIM_DMAPeriodElapsedHalfCplt), (14 bytes).
    Removing stm32f0xx_hal_tim.o(i.TIM_DMATriggerCplt), (28 bytes).
    Removing stm32f0xx_hal_tim.o(i.TIM_DMATriggerHalfCplt), (14 bytes).
    Removing stm32f0xx_hal_tim.o(i.TIM_SlaveTimer_SetConfig), (184 bytes).
    Removing stm32f0xx_hal_tim.o(i.TIM_TI1_SetConfig), (96 bytes).
    Removing stm32f0xx_hal_tim.o(i.TIM_TI2_SetConfig), (72 bytes).
    Removing stm32f0xx_hal_tim.o(i.TIM_TI3_SetConfig), (70 bytes).
    Removing stm32f0xx_hal_tim.o(i.TIM_TI4_SetConfig), (78 bytes).
    Removing stm32f0xx_hal_tim_ex.o(.rev16_text), (4 bytes).
    Removing stm32f0xx_hal_tim_ex.o(.revsh_text), (4 bytes).
    Removing stm32f0xx_hal_tim_ex.o(i.HAL_TIMEx_CommutHalfCpltCallback), (2 bytes).
    Removing stm32f0xx_hal_tim_ex.o(i.HAL_TIMEx_ConfigBreakDeadTime), (140 bytes).
    Removing stm32f0xx_hal_tim_ex.o(i.HAL_TIMEx_ConfigCommutEvent), (138 bytes).
    Removing stm32f0xx_hal_tim_ex.o(i.HAL_TIMEx_ConfigCommutEvent_DMA), (168 bytes).
    Removing stm32f0xx_hal_tim_ex.o(i.HAL_TIMEx_ConfigCommutEvent_IT), (138 bytes).
    Removing stm32f0xx_hal_tim_ex.o(i.HAL_TIMEx_GetChannelNState), (40 bytes).
    Removing stm32f0xx_hal_tim_ex.o(i.HAL_TIMEx_HallSensor_DeInit), (100 bytes).
    Removing stm32f0xx_hal_tim_ex.o(i.HAL_TIMEx_HallSensor_GetState), (8 bytes).
    Removing stm32f0xx_hal_tim_ex.o(i.HAL_TIMEx_HallSensor_Init), (232 bytes).
    Removing stm32f0xx_hal_tim_ex.o(i.HAL_TIMEx_HallSensor_MspDeInit), (2 bytes).
    Removing stm32f0xx_hal_tim_ex.o(i.HAL_TIMEx_HallSensor_MspInit), (2 bytes).
    Removing stm32f0xx_hal_tim_ex.o(i.HAL_TIMEx_HallSensor_Start), (144 bytes).
    Removing stm32f0xx_hal_tim_ex.o(i.HAL_TIMEx_HallSensor_Start_DMA), (224 bytes).
    Removing stm32f0xx_hal_tim_ex.o(i.HAL_TIMEx_HallSensor_Start_IT), (152 bytes).
    Removing stm32f0xx_hal_tim_ex.o(i.HAL_TIMEx_HallSensor_Stop), (80 bytes).
    Removing stm32f0xx_hal_tim_ex.o(i.HAL_TIMEx_HallSensor_Stop_DMA), (92 bytes).
    Removing stm32f0xx_hal_tim_ex.o(i.HAL_TIMEx_HallSensor_Stop_IT), (92 bytes).
    Removing stm32f0xx_hal_tim_ex.o(i.HAL_TIMEx_OCN_Start), (180 bytes).
    Removing stm32f0xx_hal_tim_ex.o(i.HAL_TIMEx_OCN_Start_DMA), (468 bytes).
    Removing stm32f0xx_hal_tim_ex.o(i.HAL_TIMEx_OCN_Start_IT), (260 bytes).
    Removing stm32f0xx_hal_tim_ex.o(i.HAL_TIMEx_OCN_Stop), (148 bytes).
    Removing stm32f0xx_hal_tim_ex.o(i.HAL_TIMEx_OCN_Stop_DMA), (240 bytes).
    Removing stm32f0xx_hal_tim_ex.o(i.HAL_TIMEx_OCN_Stop_IT), (244 bytes).
    Removing stm32f0xx_hal_tim_ex.o(i.HAL_TIMEx_OnePulseN_Start), (118 bytes).
    Removing stm32f0xx_hal_tim_ex.o(i.HAL_TIMEx_OnePulseN_Start_IT), (140 bytes).
    Removing stm32f0xx_hal_tim_ex.o(i.HAL_TIMEx_OnePulseN_Stop), (148 bytes).
    Removing stm32f0xx_hal_tim_ex.o(i.HAL_TIMEx_OnePulseN_Stop_IT), (172 bytes).
    Removing stm32f0xx_hal_tim_ex.o(i.HAL_TIMEx_PWMN_Start), (180 bytes).
    Removing stm32f0xx_hal_tim_ex.o(i.HAL_TIMEx_PWMN_Start_DMA), (468 bytes).
    Removing stm32f0xx_hal_tim_ex.o(i.HAL_TIMEx_PWMN_Start_IT), (260 bytes).
    Removing stm32f0xx_hal_tim_ex.o(i.HAL_TIMEx_PWMN_Stop), (148 bytes).
    Removing stm32f0xx_hal_tim_ex.o(i.HAL_TIMEx_PWMN_Stop_DMA), (240 bytes).
    Removing stm32f0xx_hal_tim_ex.o(i.HAL_TIMEx_PWMN_Stop_IT), (244 bytes).
    Removing stm32f0xx_hal_tim_ex.o(i.HAL_TIMEx_RemapConfig), (42 bytes).
    Removing stm32f0xx_hal_tim_ex.o(i.TIMEx_DMACommutationCplt), (20 bytes).
    Removing stm32f0xx_hal_tim_ex.o(i.TIMEx_DMACommutationHalfCplt), (20 bytes).
    Removing stm32f0xx_hal_tim_ex.o(i.TIM_CCxNChannelCmd), (34 bytes).
    Removing stm32f0xx_hal_tim_ex.o(i.TIM_DMADelayPulseNCplt), (112 bytes).
    Removing stm32f0xx_hal_tim_ex.o(i.TIM_DMAErrorCCxN), (70 bytes).
    Removing system_stm32f0xx.o(.rev16_text), (4 bytes).
    Removing system_stm32f0xx.o(.revsh_text), (4 bytes).
    Removing system_stm32f0xx.o(i.SystemCoreClockUpdate), (176 bytes).
    Removing stm32f0xx_hal_dma.o(i.__ARM_common_switch8), (28 bytes).

386 unused section(s) (total 42822 bytes) removed from the image.

==============================================================================

Image Symbol Table

    Local Symbols

    Symbol Name                              Value     Ov Type        Size  Object(Section)

    ../Core/Src/adc.c                        0x00000000   Number         0  adc.o ABSOLUTE
    ../Core/Src/gpio.c                       0x00000000   Number         0  gpio.o ABSOLUTE
    ../Core/Src/i2c.c                        0x00000000   Number         0  i2c.o ABSOLUTE
    ../Core/Src/main.c                       0x00000000   Number         0  main.o ABSOLUTE
    ../Core/Src/stm32f0xx_hal_msp.c          0x00000000   Number         0  stm32f0xx_hal_msp.o ABSOLUTE
    ../Core/Src/stm32f0xx_it.c               0x00000000   Number         0  stm32f0xx_it.o ABSOLUTE
    ../Core/Src/system_stm32f0xx.c           0x00000000   Number         0  system_stm32f0xx.o ABSOLUTE
    ../Core/Src/tim.c                        0x00000000   Number         0  tim.o ABSOLUTE
    ../clib/angel/boardlib.s                 0x00000000   Number         0  boardinit1.o ABSOLUTE
    ../clib/angel/boardlib.s                 0x00000000   Number         0  boardinit2.o ABSOLUTE
    ../clib/angel/boardlib.s                 0x00000000   Number         0  boardinit3.o ABSOLUTE
    ../clib/angel/boardlib.s                 0x00000000   Number         0  boardshut.o ABSOLUTE
    ../clib/angel/handlers.s                 0x00000000   Number         0  __scatter_copy.o ABSOLUTE
    ../clib/angel/handlers.s                 0x00000000   Number         0  __scatter_zi.o ABSOLUTE
    ../clib/angel/kernel.s                   0x00000000   Number         0  __rtentry2.o ABSOLUTE
    ../clib/angel/kernel.s                   0x00000000   Number         0  rtexit2.o ABSOLUTE
    ../clib/angel/kernel.s                   0x00000000   Number         0  rtexit.o ABSOLUTE
    ../clib/angel/kernel.s                   0x00000000   Number         0  __rtentry4.o ABSOLUTE
    ../clib/angel/kernel.s                   0x00000000   Number         0  __rtentry.o ABSOLUTE
    ../clib/angel/rt.s                       0x00000000   Number         0  rt_div0.o ABSOLUTE
    ../clib/angel/rt.s                       0x00000000   Number         0  aeabi_idiv0.o ABSOLUTE
    ../clib/angel/rt.s                       0x00000000   Number         0  aeabi_ldiv0_sigfpe.o ABSOLUTE
    ../clib/angel/rt.s                       0x00000000   Number         0  aeabi_ldiv0.o ABSOLUTE
    ../clib/angel/rt.s                       0x00000000   Number         0  rt_raise.o ABSOLUTE
    ../clib/angel/rt.s                       0x00000000   Number         0  aeabi_idiv0_sigfpe.o ABSOLUTE
    ../clib/angel/scatterp.s                 0x00000000   Number         0  __scatter.o ABSOLUTE
    ../clib/angel/startup.s                  0x00000000   Number         0  __main.o ABSOLUTE
    ../clib/angel/sys.s                      0x00000000   Number         0  sys_stackheap_outer.o ABSOLUTE
    ../clib/angel/sys.s                      0x00000000   Number         0  tempstk.o ABSOLUTE
    ../clib/angel/sys.s                      0x00000000   Number         0  libspace.o ABSOLUTE
    ../clib/angel/sys.s                      0x00000000   Number         0  indicate_semi.o ABSOLUTE
    ../clib/angel/sys.s                      0x00000000   Number         0  use_no_semi.o ABSOLUTE
    ../clib/angel/sysapp.c                   0x00000000   Number         0  sys_command.o ABSOLUTE
    ../clib/angel/sysapp.c                   0x00000000   Number         0  sys_exit.o ABSOLUTE
    ../clib/angel/sysapp.c                   0x00000000   Number         0  sys_wrch.o ABSOLUTE
    ../clib/armsys.c                         0x00000000   Number         0  _get_argv_nomalloc.o ABSOLUTE
    ../clib/armsys.c                         0x00000000   Number         0  argv_veneer.o ABSOLUTE
    ../clib/armsys.c                         0x00000000   Number         0  no_argv.o ABSOLUTE
    ../clib/division.c                       0x00000000   Number         0  lludiv.o ABSOLUTE
    ../clib/division.s                       0x00000000   Number         0  aeabi_sdiv.o ABSOLUTE
    ../clib/division.s                       0x00000000   Number         0  aeabi_sdiv_div0.o ABSOLUTE
    ../clib/heapalloc.c                      0x00000000   Number         0  hrguard.o ABSOLUTE
    ../clib/heapaux.c                        0x00000000   Number         0  heapauxi.o ABSOLUTE
    ../clib/libinit.s                        0x00000000   Number         0  libshutdown2.o ABSOLUTE
    ../clib/libinit.s                        0x00000000   Number         0  libinit2.o ABSOLUTE
    ../clib/libinit.s                        0x00000000   Number         0  libshutdown.o ABSOLUTE
    ../clib/libinit.s                        0x00000000   Number         0  libinit.o ABSOLUTE
    ../clib/longlong.c                       0x00000000   Number         0  llushr.o ABSOLUTE
    ../clib/memcpset.c                       0x00000000   Number         0  rt_memclr.o ABSOLUTE
    ../clib/signal.c                         0x00000000   Number         0  defsig_rtmem_inner.o ABSOLUTE
    ../clib/signal.c                         0x00000000   Number         0  defsig_abrt_inner.o ABSOLUTE
    ../clib/signal.c                         0x00000000   Number         0  defsig_rtred_inner.o ABSOLUTE
    ../clib/signal.c                         0x00000000   Number         0  defsig_general.o ABSOLUTE
    ../clib/signal.c                         0x00000000   Number         0  __raise.o ABSOLUTE
    ../clib/signal.c                         0x00000000   Number         0  defsig_rtmem_outer.o ABSOLUTE
    ../clib/signal.c                         0x00000000   Number         0  defsig_fpe_outer.o ABSOLUTE
    ../clib/signal.c                         0x00000000   Number         0  defsig_fpe_formal.o ABSOLUTE
    ../clib/signal.c                         0x00000000   Number         0  defsig_cppl_inner.o ABSOLUTE
    ../clib/signal.c                         0x00000000   Number         0  defsig_other.o ABSOLUTE
    ../clib/signal.c                         0x00000000   Number         0  defsig_segv_inner.o ABSOLUTE
    ../clib/signal.c                         0x00000000   Number         0  defsig_pvfn_inner.o ABSOLUTE
    ../clib/signal.c                         0x00000000   Number         0  defsig_stak_inner.o ABSOLUTE
    ../clib/signal.c                         0x00000000   Number         0  defsig_rtmem_formal.o ABSOLUTE
    ../clib/signal.c                         0x00000000   Number         0  defsig_fpe_inner.o ABSOLUTE
    ../clib/signal.c                         0x00000000   Number         0  defsig_exit.o ABSOLUTE
    ../clib/signal.s                         0x00000000   Number         0  defsig.o ABSOLUTE
    ../clib/stdlib.c                         0x00000000   Number         0  exit.o ABSOLUTE
    ../fplib/cfplib/fpinit.c                 0x00000000   Number         0  fpinit.o ABSOLUTE
    ..\Core\Src\adc.c                        0x00000000   Number         0  adc.o ABSOLUTE
    ..\Core\Src\gpio.c                       0x00000000   Number         0  gpio.o ABSOLUTE
    ..\Core\Src\i2c.c                        0x00000000   Number         0  i2c.o ABSOLUTE
    ..\Core\Src\main.c                       0x00000000   Number         0  main.o ABSOLUTE
    ..\Core\Src\stm32f0xx_hal_msp.c          0x00000000   Number         0  stm32f0xx_hal_msp.o ABSOLUTE
    ..\Core\Src\stm32f0xx_it.c               0x00000000   Number         0  stm32f0xx_it.o ABSOLUTE
    ..\Core\Src\system_stm32f0xx.c           0x00000000   Number         0  system_stm32f0xx.o ABSOLUTE
    ..\Core\Src\tim.c                        0x00000000   Number         0  tim.o ABSOLUTE
    C:/Users/lichao/STM32Cube/Repository/STM32Cube_FW_F0_V1.11.4/Drivers/STM32F0xx_HAL_Driver/Src/stm32f0xx_hal.c 0x00000000   Number         0  stm32f0xx_hal.o ABSOLUTE
    C:/Users/lichao/STM32Cube/Repository/STM32Cube_FW_F0_V1.11.4/Drivers/STM32F0xx_HAL_Driver/Src/stm32f0xx_hal_adc.c 0x00000000   Number         0  stm32f0xx_hal_adc.o ABSOLUTE
    C:/Users/lichao/STM32Cube/Repository/STM32Cube_FW_F0_V1.11.4/Drivers/STM32F0xx_HAL_Driver/Src/stm32f0xx_hal_adc_ex.c 0x00000000   Number         0  stm32f0xx_hal_adc_ex.o ABSOLUTE
    C:/Users/lichao/STM32Cube/Repository/STM32Cube_FW_F0_V1.11.4/Drivers/STM32F0xx_HAL_Driver/Src/stm32f0xx_hal_cortex.c 0x00000000   Number         0  stm32f0xx_hal_cortex.o ABSOLUTE
    C:/Users/lichao/STM32Cube/Repository/STM32Cube_FW_F0_V1.11.4/Drivers/STM32F0xx_HAL_Driver/Src/stm32f0xx_hal_dma.c 0x00000000   Number         0  stm32f0xx_hal_dma.o ABSOLUTE
    C:/Users/lichao/STM32Cube/Repository/STM32Cube_FW_F0_V1.11.4/Drivers/STM32F0xx_HAL_Driver/Src/stm32f0xx_hal_exti.c 0x00000000   Number         0  stm32f0xx_hal_exti.o ABSOLUTE
    C:/Users/lichao/STM32Cube/Repository/STM32Cube_FW_F0_V1.11.4/Drivers/STM32F0xx_HAL_Driver/Src/stm32f0xx_hal_flash.c 0x00000000   Number         0  stm32f0xx_hal_flash.o ABSOLUTE
    C:/Users/lichao/STM32Cube/Repository/STM32Cube_FW_F0_V1.11.4/Drivers/STM32F0xx_HAL_Driver/Src/stm32f0xx_hal_flash_ex.c 0x00000000   Number         0  stm32f0xx_hal_flash_ex.o ABSOLUTE
    C:/Users/lichao/STM32Cube/Repository/STM32Cube_FW_F0_V1.11.4/Drivers/STM32F0xx_HAL_Driver/Src/stm32f0xx_hal_gpio.c 0x00000000   Number         0  stm32f0xx_hal_gpio.o ABSOLUTE
    C:/Users/lichao/STM32Cube/Repository/STM32Cube_FW_F0_V1.11.4/Drivers/STM32F0xx_HAL_Driver/Src/stm32f0xx_hal_i2c.c 0x00000000   Number         0  stm32f0xx_hal_i2c.o ABSOLUTE
    C:/Users/lichao/STM32Cube/Repository/STM32Cube_FW_F0_V1.11.4/Drivers/STM32F0xx_HAL_Driver/Src/stm32f0xx_hal_i2c_ex.c 0x00000000   Number         0  stm32f0xx_hal_i2c_ex.o ABSOLUTE
    C:/Users/lichao/STM32Cube/Repository/STM32Cube_FW_F0_V1.11.4/Drivers/STM32F0xx_HAL_Driver/Src/stm32f0xx_hal_pwr.c 0x00000000   Number         0  stm32f0xx_hal_pwr.o ABSOLUTE
    C:/Users/lichao/STM32Cube/Repository/STM32Cube_FW_F0_V1.11.4/Drivers/STM32F0xx_HAL_Driver/Src/stm32f0xx_hal_pwr_ex.c 0x00000000   Number         0  stm32f0xx_hal_pwr_ex.o ABSOLUTE
    C:/Users/lichao/STM32Cube/Repository/STM32Cube_FW_F0_V1.11.4/Drivers/STM32F0xx_HAL_Driver/Src/stm32f0xx_hal_rcc.c 0x00000000   Number         0  stm32f0xx_hal_rcc.o ABSOLUTE
    C:/Users/lichao/STM32Cube/Repository/STM32Cube_FW_F0_V1.11.4/Drivers/STM32F0xx_HAL_Driver/Src/stm32f0xx_hal_rcc_ex.c 0x00000000   Number         0  stm32f0xx_hal_rcc_ex.o ABSOLUTE
    C:/Users/lichao/STM32Cube/Repository/STM32Cube_FW_F0_V1.11.4/Drivers/STM32F0xx_HAL_Driver/Src/stm32f0xx_hal_tim.c 0x00000000   Number         0  stm32f0xx_hal_tim.o ABSOLUTE
    C:/Users/lichao/STM32Cube/Repository/STM32Cube_FW_F0_V1.11.4/Drivers/STM32F0xx_HAL_Driver/Src/stm32f0xx_hal_tim_ex.c 0x00000000   Number         0  stm32f0xx_hal_tim_ex.o ABSOLUTE
    C:\Users\lichao\STM32Cube\Repository\STM32Cube_FW_F0_V1.11.4\Drivers\STM32F0xx_HAL_Driver\Src\stm32f0xx_hal.c 0x00000000   Number         0  stm32f0xx_hal.o ABSOLUTE
    C:\Users\lichao\STM32Cube\Repository\STM32Cube_FW_F0_V1.11.4\Drivers\STM32F0xx_HAL_Driver\Src\stm32f0xx_hal_adc.c 0x00000000   Number         0  stm32f0xx_hal_adc.o ABSOLUTE
    C:\Users\lichao\STM32Cube\Repository\STM32Cube_FW_F0_V1.11.4\Drivers\STM32F0xx_HAL_Driver\Src\stm32f0xx_hal_adc_ex.c 0x00000000   Number         0  stm32f0xx_hal_adc_ex.o ABSOLUTE
    C:\Users\lichao\STM32Cube\Repository\STM32Cube_FW_F0_V1.11.4\Drivers\STM32F0xx_HAL_Driver\Src\stm32f0xx_hal_cortex.c 0x00000000   Number         0  stm32f0xx_hal_cortex.o ABSOLUTE
    C:\Users\lichao\STM32Cube\Repository\STM32Cube_FW_F0_V1.11.4\Drivers\STM32F0xx_HAL_Driver\Src\stm32f0xx_hal_dma.c 0x00000000   Number         0  stm32f0xx_hal_dma.o ABSOLUTE
    C:\Users\lichao\STM32Cube\Repository\STM32Cube_FW_F0_V1.11.4\Drivers\STM32F0xx_HAL_Driver\Src\stm32f0xx_hal_exti.c 0x00000000   Number         0  stm32f0xx_hal_exti.o ABSOLUTE
    C:\Users\lichao\STM32Cube\Repository\STM32Cube_FW_F0_V1.11.4\Drivers\STM32F0xx_HAL_Driver\Src\stm32f0xx_hal_flash.c 0x00000000   Number         0  stm32f0xx_hal_flash.o ABSOLUTE
    C:\Users\lichao\STM32Cube\Repository\STM32Cube_FW_F0_V1.11.4\Drivers\STM32F0xx_HAL_Driver\Src\stm32f0xx_hal_flash_ex.c 0x00000000   Number         0  stm32f0xx_hal_flash_ex.o ABSOLUTE
    C:\Users\lichao\STM32Cube\Repository\STM32Cube_FW_F0_V1.11.4\Drivers\STM32F0xx_HAL_Driver\Src\stm32f0xx_hal_gpio.c 0x00000000   Number         0  stm32f0xx_hal_gpio.o ABSOLUTE
    C:\Users\lichao\STM32Cube\Repository\STM32Cube_FW_F0_V1.11.4\Drivers\STM32F0xx_HAL_Driver\Src\stm32f0xx_hal_i2c.c 0x00000000   Number         0  stm32f0xx_hal_i2c.o ABSOLUTE
    C:\Users\lichao\STM32Cube\Repository\STM32Cube_FW_F0_V1.11.4\Drivers\STM32F0xx_HAL_Driver\Src\stm32f0xx_hal_i2c_ex.c 0x00000000   Number         0  stm32f0xx_hal_i2c_ex.o ABSOLUTE
    C:\Users\lichao\STM32Cube\Repository\STM32Cube_FW_F0_V1.11.4\Drivers\STM32F0xx_HAL_Driver\Src\stm32f0xx_hal_pwr.c 0x00000000   Number         0  stm32f0xx_hal_pwr.o ABSOLUTE
    C:\Users\lichao\STM32Cube\Repository\STM32Cube_FW_F0_V1.11.4\Drivers\STM32F0xx_HAL_Driver\Src\stm32f0xx_hal_pwr_ex.c 0x00000000   Number         0  stm32f0xx_hal_pwr_ex.o ABSOLUTE
    C:\Users\lichao\STM32Cube\Repository\STM32Cube_FW_F0_V1.11.4\Drivers\STM32F0xx_HAL_Driver\Src\stm32f0xx_hal_rcc.c 0x00000000   Number         0  stm32f0xx_hal_rcc.o ABSOLUTE
    C:\Users\lichao\STM32Cube\Repository\STM32Cube_FW_F0_V1.11.4\Drivers\STM32F0xx_HAL_Driver\Src\stm32f0xx_hal_rcc_ex.c 0x00000000   Number         0  stm32f0xx_hal_rcc_ex.o ABSOLUTE
    C:\Users\lichao\STM32Cube\Repository\STM32Cube_FW_F0_V1.11.4\Drivers\STM32F0xx_HAL_Driver\Src\stm32f0xx_hal_tim.c 0x00000000   Number         0  stm32f0xx_hal_tim.o ABSOLUTE
    C:\Users\lichao\STM32Cube\Repository\STM32Cube_FW_F0_V1.11.4\Drivers\STM32F0xx_HAL_Driver\Src\stm32f0xx_hal_tim_ex.c 0x00000000   Number         0  stm32f0xx_hal_tim_ex.o ABSOLUTE
    dc.s                                     0x00000000   Number         0  dc.o ABSOLUTE
    startup_stm32f030x6.s                    0x00000000   Number         0  startup_stm32f030x6.o ABSOLUTE
    RESET                                    0x08000000   Section      176  startup_stm32f030x6.o(RESET)
    !!!main                                  0x080000b0   Section        8  __main.o(!!!main)
    !!!scatter                               0x080000b8   Section       60  __scatter.o(!!!scatter)
    !!handler_copy                           0x080000f4   Section       26  __scatter_copy.o(!!handler_copy)
    !!handler_zi                             0x08000110   Section       28  __scatter_zi.o(!!handler_zi)
    .ARM.Collect$$libinit$$00000000          0x0800012c   Section        2  libinit.o(.ARM.Collect$$libinit$$00000000)
    .ARM.Collect$$libinit$$00000002          0x0800012e   Section        0  libinit2.o(.ARM.Collect$$libinit$$00000002)
    .ARM.Collect$$libinit$$00000004          0x0800012e   Section        0  libinit2.o(.ARM.Collect$$libinit$$00000004)
    .ARM.Collect$$libinit$$0000000A          0x0800012e   Section        0  libinit2.o(.ARM.Collect$$libinit$$0000000A)
    .ARM.Collect$$libinit$$0000000C          0x0800012e   Section        0  libinit2.o(.ARM.Collect$$libinit$$0000000C)
    .ARM.Collect$$libinit$$0000000E          0x0800012e   Section        0  libinit2.o(.ARM.Collect$$libinit$$0000000E)
    .ARM.Collect$$libinit$$00000011          0x0800012e   Section        0  libinit2.o(.ARM.Collect$$libinit$$00000011)
    .ARM.Collect$$libinit$$00000013          0x0800012e   Section        0  libinit2.o(.ARM.Collect$$libinit$$00000013)
    .ARM.Collect$$libinit$$00000015          0x0800012e   Section        0  libinit2.o(.ARM.Collect$$libinit$$00000015)
    .ARM.Collect$$libinit$$00000017          0x0800012e   Section        0  libinit2.o(.ARM.Collect$$libinit$$00000017)
    .ARM.Collect$$libinit$$00000019          0x0800012e   Section        0  libinit2.o(.ARM.Collect$$libinit$$00000019)
    .ARM.Collect$$libinit$$0000001B          0x0800012e   Section        0  libinit2.o(.ARM.Collect$$libinit$$0000001B)
    .ARM.Collect$$libinit$$0000001D          0x0800012e   Section        0  libinit2.o(.ARM.Collect$$libinit$$0000001D)
    .ARM.Collect$$libinit$$0000001F          0x0800012e   Section        0  libinit2.o(.ARM.Collect$$libinit$$0000001F)
    .ARM.Collect$$libinit$$00000021          0x0800012e   Section        0  libinit2.o(.ARM.Collect$$libinit$$00000021)
    .ARM.Collect$$libinit$$00000023          0x0800012e   Section        0  libinit2.o(.ARM.Collect$$libinit$$00000023)
    .ARM.Collect$$libinit$$00000025          0x0800012e   Section        0  libinit2.o(.ARM.Collect$$libinit$$00000025)
    .ARM.Collect$$libinit$$0000002C          0x0800012e   Section        0  libinit2.o(.ARM.Collect$$libinit$$0000002C)
    .ARM.Collect$$libinit$$0000002E          0x0800012e   Section        0  libinit2.o(.ARM.Collect$$libinit$$0000002E)
    .ARM.Collect$$libinit$$00000030          0x0800012e   Section        0  libinit2.o(.ARM.Collect$$libinit$$00000030)
    .ARM.Collect$$libinit$$00000032          0x0800012e   Section        0  libinit2.o(.ARM.Collect$$libinit$$00000032)
    .ARM.Collect$$libinit$$00000033          0x0800012e   Section        2  libinit2.o(.ARM.Collect$$libinit$$00000033)
    .ARM.Collect$$libshutdown$$00000000      0x08000130   Section        2  libshutdown.o(.ARM.Collect$$libshutdown$$00000000)
    .ARM.Collect$$libshutdown$$00000002      0x08000132   Section        0  libshutdown2.o(.ARM.Collect$$libshutdown$$00000002)
    .ARM.Collect$$libshutdown$$00000004      0x08000132   Section        0  libshutdown2.o(.ARM.Collect$$libshutdown$$00000004)
    .ARM.Collect$$libshutdown$$00000006      0x08000132   Section        0  libshutdown2.o(.ARM.Collect$$libshutdown$$00000006)
    .ARM.Collect$$libshutdown$$00000009      0x08000132   Section        0  libshutdown2.o(.ARM.Collect$$libshutdown$$00000009)
    .ARM.Collect$$libshutdown$$0000000C      0x08000132   Section        0  libshutdown2.o(.ARM.Collect$$libshutdown$$0000000C)
    .ARM.Collect$$libshutdown$$0000000E      0x08000132   Section        0  libshutdown2.o(.ARM.Collect$$libshutdown$$0000000E)
    .ARM.Collect$$libshutdown$$00000011      0x08000132   Section        0  libshutdown2.o(.ARM.Collect$$libshutdown$$00000011)
    .ARM.Collect$$libshutdown$$00000012      0x08000132   Section        2  libshutdown2.o(.ARM.Collect$$libshutdown$$00000012)
    .ARM.Collect$$rtentry$$00000000          0x08000134   Section        0  __rtentry.o(.ARM.Collect$$rtentry$$00000000)
    .ARM.Collect$$rtentry$$00000002          0x08000134   Section        0  __rtentry2.o(.ARM.Collect$$rtentry$$00000002)
    .ARM.Collect$$rtentry$$00000004          0x08000134   Section        6  __rtentry4.o(.ARM.Collect$$rtentry$$00000004)
    .ARM.Collect$$rtentry$$00000009          0x0800013a   Section        0  __rtentry2.o(.ARM.Collect$$rtentry$$00000009)
    .ARM.Collect$$rtentry$$0000000A          0x0800013a   Section        4  __rtentry2.o(.ARM.Collect$$rtentry$$0000000A)
    .ARM.Collect$$rtentry$$0000000C          0x0800013e   Section        0  __rtentry2.o(.ARM.Collect$$rtentry$$0000000C)
    .ARM.Collect$$rtentry$$0000000D          0x0800013e   Section        8  __rtentry2.o(.ARM.Collect$$rtentry$$0000000D)
    .ARM.Collect$$rtexit$$00000000           0x08000146   Section        2  rtexit.o(.ARM.Collect$$rtexit$$00000000)
    .ARM.Collect$$rtexit$$00000002           0x08000148   Section        0  rtexit2.o(.ARM.Collect$$rtexit$$00000002)
    .ARM.Collect$$rtexit$$00000003           0x08000148   Section        4  rtexit2.o(.ARM.Collect$$rtexit$$00000003)
    .ARM.Collect$$rtexit$$00000004           0x0800014c   Section        6  rtexit2.o(.ARM.Collect$$rtexit$$00000004)
    .text                                    0x08000154   Section       56  startup_stm32f030x6.o(.text)
    .text                                    0x0800018c   Section        0  lludiv.o(.text)
    .text                                    0x0800028e   Section        0  rt_memclr.o(.text)
    .text                                    0x080002ce   Section      346  aeabi_sdiv.o(.text)
    .text                                    0x08000428   Section        0  heapauxi.o(.text)
    .text                                    0x0800042e   Section       62  sys_stackheap_outer.o(.text)
    .text                                    0x0800046c   Section        0  exit.o(.text)
    .text                                    0x0800047c   Section        8  libspace.o(.text)
    .text                                    0x08000484   Section        0  sys_exit.o(.text)
    .text                                    0x08000490   Section        2  use_no_semi.o(.text)
    .text                                    0x08000492   Section        0  indicate_semi.o(.text)
    i.ADC1_IRQHandler                        0x08000494   Section        0  stm32f0xx_it.o(i.ADC1_IRQHandler)
    i.Error_Handler                          0x080004a4   Section        0  main.o(i.Error_Handler)
    i.HAL_ADC_ConfigChannel                  0x080004ac   Section        0  stm32f0xx_hal_adc.o(i.HAL_ADC_ConfigChannel)
    i.HAL_ADC_ConvCpltCallback               0x08000634   Section        0  stm32f0xx_hal_adc.o(i.HAL_ADC_ConvCpltCallback)
    i.HAL_ADC_ErrorCallback                  0x08000636   Section        0  stm32f0xx_hal_adc.o(i.HAL_ADC_ErrorCallback)
    i.HAL_ADC_IRQHandler                     0x08000638   Section        0  stm32f0xx_hal_adc.o(i.HAL_ADC_IRQHandler)
    i.HAL_ADC_Init                           0x08000734   Section        0  stm32f0xx_hal_adc.o(i.HAL_ADC_Init)
    i.HAL_ADC_LevelOutOfWindowCallback       0x080008f8   Section        0  stm32f0xx_hal_adc.o(i.HAL_ADC_LevelOutOfWindowCallback)
    i.HAL_ADC_MspInit                        0x080008fc   Section        0  adc.o(i.HAL_ADC_MspInit)
    i.HAL_DMA_Abort_IT                       0x08000980   Section        0  stm32f0xx_hal_dma.o(i.HAL_DMA_Abort_IT)
    i.HAL_DMA_GetState                       0x080009d8   Section        0  stm32f0xx_hal_dma.o(i.HAL_DMA_GetState)
    i.HAL_Delay                              0x080009e0   Section        0  stm32f0xx_hal.o(i.HAL_Delay)
    i.HAL_GPIO_Init                          0x08000a0c   Section        0  stm32f0xx_hal_gpio.o(i.HAL_GPIO_Init)
    i.HAL_GPIO_ReadPin                       0x08000bfc   Section        0  stm32f0xx_hal_gpio.o(i.HAL_GPIO_ReadPin)
    i.HAL_GPIO_WritePin                      0x08000c0e   Section        0  stm32f0xx_hal_gpio.o(i.HAL_GPIO_WritePin)
    i.HAL_GetTick                            0x08000c1c   Section        0  stm32f0xx_hal.o(i.HAL_GetTick)
    i.HAL_I2CEx_ConfigAnalogFilter           0x08000c28   Section        0  stm32f0xx_hal_i2c_ex.o(i.HAL_I2CEx_ConfigAnalogFilter)
    i.HAL_I2CEx_ConfigDigitalFilter          0x08000c96   Section        0  stm32f0xx_hal_i2c_ex.o(i.HAL_I2CEx_ConfigDigitalFilter)
    i.HAL_I2C_AbortCpltCallback              0x08000d06   Section        0  stm32f0xx_hal_i2c.o(i.HAL_I2C_AbortCpltCallback)
    i.HAL_I2C_AddrCallback                   0x08000d08   Section        0  stm32f0xx_hal_i2c.o(i.HAL_I2C_AddrCallback)
    i.HAL_I2C_ER_IRQHandler                  0x08000d0a   Section        0  stm32f0xx_hal_i2c.o(i.HAL_I2C_ER_IRQHandler)
    i.HAL_I2C_EV_IRQHandler                  0x08000d96   Section        0  stm32f0xx_hal_i2c.o(i.HAL_I2C_EV_IRQHandler)
    i.HAL_I2C_ErrorCallback                  0x08000db4   Section        0  stm32f0xx_hal_i2c.o(i.HAL_I2C_ErrorCallback)
    i.HAL_I2C_Init                           0x08000db8   Section        0  stm32f0xx_hal_i2c.o(i.HAL_I2C_Init)
    i.HAL_I2C_ListenCpltCallback             0x08000e8c   Section        0  stm32f0xx_hal_i2c.o(i.HAL_I2C_ListenCpltCallback)
    i.HAL_I2C_MspInit                        0x08000e90   Section        0  i2c.o(i.HAL_I2C_MspInit)
    i.HAL_I2C_SlaveRxCpltCallback            0x08000f24   Section        0  stm32f0xx_hal_i2c.o(i.HAL_I2C_SlaveRxCpltCallback)
    i.HAL_I2C_SlaveTxCpltCallback            0x08000f26   Section        0  stm32f0xx_hal_i2c.o(i.HAL_I2C_SlaveTxCpltCallback)
    i.HAL_IncTick                            0x08000f28   Section        0  stm32f0xx_hal.o(i.HAL_IncTick)
    i.HAL_Init                               0x08000f40   Section        0  stm32f0xx_hal.o(i.HAL_Init)
    i.HAL_InitTick                           0x08000f60   Section        0  stm32f0xx_hal.o(i.HAL_InitTick)
    i.HAL_MspInit                            0x08000fb4   Section        0  stm32f0xx_hal_msp.o(i.HAL_MspInit)
    i.HAL_NVIC_EnableIRQ                     0x08000ff4   Section        0  stm32f0xx_hal_cortex.o(i.HAL_NVIC_EnableIRQ)
    i.HAL_NVIC_SetPriority                   0x08001010   Section        0  stm32f0xx_hal_cortex.o(i.HAL_NVIC_SetPriority)
    i.HAL_RCCEx_PeriphCLKConfig              0x08001024   Section        0  stm32f0xx_hal_rcc_ex.o(i.HAL_RCCEx_PeriphCLKConfig)
    i.HAL_RCC_ClockConfig                    0x08001174   Section        0  stm32f0xx_hal_rcc.o(i.HAL_RCC_ClockConfig)
    i.HAL_RCC_GetSysClockFreq                0x080012e0   Section        0  stm32f0xx_hal_rcc.o(i.HAL_RCC_GetSysClockFreq)
    i.HAL_RCC_OscConfig                      0x08001378   Section        0  stm32f0xx_hal_rcc.o(i.HAL_RCC_OscConfig)
    i.HAL_SYSTICK_Config                     0x08001904   Section        0  stm32f0xx_hal_cortex.o(i.HAL_SYSTICK_Config)
    i.HAL_TIMEx_BreakCallback                0x0800193c   Section        0  stm32f0xx_hal_tim_ex.o(i.HAL_TIMEx_BreakCallback)
    i.HAL_TIMEx_CommutCallback               0x0800193e   Section        0  stm32f0xx_hal_tim_ex.o(i.HAL_TIMEx_CommutCallback)
    i.HAL_TIMEx_MasterConfigSynchronization  0x08001940   Section        0  stm32f0xx_hal_tim_ex.o(i.HAL_TIMEx_MasterConfigSynchronization)
    i.HAL_TIM_Base_Init                      0x080019b8   Section        0  stm32f0xx_hal_tim.o(i.HAL_TIM_Base_Init)
    i.HAL_TIM_Base_MspInit                   0x08001a1c   Section        0  tim.o(i.HAL_TIM_Base_MspInit)
    i.HAL_TIM_ConfigClockSource              0x08001a98   Section        0  stm32f0xx_hal_tim.o(i.HAL_TIM_ConfigClockSource)
    i.HAL_TIM_IC_CaptureCallback             0x08001bb0   Section        0  stm32f0xx_hal_tim.o(i.HAL_TIM_IC_CaptureCallback)
    i.HAL_TIM_IRQHandler                     0x08001bb2   Section        0  stm32f0xx_hal_tim.o(i.HAL_TIM_IRQHandler)
    i.HAL_TIM_MspPostInit                    0x08001d7c   Section        0  tim.o(i.HAL_TIM_MspPostInit)
    i.HAL_TIM_OC_DelayElapsedCallback        0x08001e5c   Section        0  stm32f0xx_hal_tim.o(i.HAL_TIM_OC_DelayElapsedCallback)
    i.HAL_TIM_PWM_ConfigChannel              0x08001e5e   Section        0  stm32f0xx_hal_tim.o(i.HAL_TIM_PWM_ConfigChannel)
    i.HAL_TIM_PWM_Init                       0x08001f68   Section        0  stm32f0xx_hal_tim.o(i.HAL_TIM_PWM_Init)
    i.HAL_TIM_PWM_MspInit                    0x08001fcc   Section        0  stm32f0xx_hal_tim.o(i.HAL_TIM_PWM_MspInit)
    i.HAL_TIM_PWM_PulseFinishedCallback      0x08001fce   Section        0  stm32f0xx_hal_tim.o(i.HAL_TIM_PWM_PulseFinishedCallback)
    i.HAL_TIM_PWM_Start                      0x08001fd0   Section        0  stm32f0xx_hal_tim.o(i.HAL_TIM_PWM_Start)
    i.HAL_TIM_PeriodElapsedCallback          0x080020b0   Section        0  stm32f0xx_hal_tim.o(i.HAL_TIM_PeriodElapsedCallback)
    i.HAL_TIM_TriggerCallback                0x080020b2   Section        0  stm32f0xx_hal_tim.o(i.HAL_TIM_TriggerCallback)
    i.HardFault_Handler                      0x080020b4   Section        0  stm32f0xx_it.o(i.HardFault_Handler)
    i.I2C1_IRQHandler                        0x080020b8   Section        0  stm32f0xx_it.o(i.I2C1_IRQHandler)
    i.I2C_DMAAbort                           0x080020e0   Section        0  stm32f0xx_hal_i2c.o(i.I2C_DMAAbort)
    I2C_DMAAbort                             0x080020e1   Thumb Code    38  stm32f0xx_hal_i2c.o(i.I2C_DMAAbort)
    i.I2C_Disable_IRQ                        0x08002106   Section        0  stm32f0xx_hal_i2c.o(i.I2C_Disable_IRQ)
    I2C_Disable_IRQ                          0x08002107   Thumb Code   116  stm32f0xx_hal_i2c.o(i.I2C_Disable_IRQ)
    i.I2C_Flush_TXDR                         0x0800217a   Section        0  stm32f0xx_hal_i2c.o(i.I2C_Flush_TXDR)
    I2C_Flush_TXDR                           0x0800217b   Thumb Code    50  stm32f0xx_hal_i2c.o(i.I2C_Flush_TXDR)
    i.I2C_ITAddrCplt                         0x080021ac   Section        0  stm32f0xx_hal_i2c.o(i.I2C_ITAddrCplt)
    I2C_ITAddrCplt                           0x080021ad   Thumb Code   208  stm32f0xx_hal_i2c.o(i.I2C_ITAddrCplt)
    i.I2C_ITError                            0x0800227c   Section        0  stm32f0xx_hal_i2c.o(i.I2C_ITError)
    I2C_ITError                              0x0800227d   Thumb Code   330  stm32f0xx_hal_i2c.o(i.I2C_ITError)
    i.I2C_ITListenCplt                       0x080023d8   Section        0  stm32f0xx_hal_i2c.o(i.I2C_ITListenCplt)
    I2C_ITListenCplt                         0x080023d9   Thumb Code   112  stm32f0xx_hal_i2c.o(i.I2C_ITListenCplt)
    i.I2C_ITSlaveCplt                        0x08002450   Section        0  stm32f0xx_hal_i2c.o(i.I2C_ITSlaveCplt)
    I2C_ITSlaveCplt                          0x08002451   Thumb Code   396  stm32f0xx_hal_i2c.o(i.I2C_ITSlaveCplt)
    i.I2C_ITSlaveSeqCplt                     0x080025e8   Section        0  stm32f0xx_hal_i2c.o(i.I2C_ITSlaveSeqCplt)
    I2C_ITSlaveSeqCplt                       0x080025e9   Thumb Code   156  stm32f0xx_hal_i2c.o(i.I2C_ITSlaveSeqCplt)
    i.I2C_Slave_ISR_IT                       0x08002684   Section        0  stm32f0xx_hal_i2c.o(i.I2C_Slave_ISR_IT)
    I2C_Slave_ISR_IT                         0x08002685   Thumb Code   376  stm32f0xx_hal_i2c.o(i.I2C_Slave_ISR_IT)
    i.I2C_TreatErrorCallback                 0x08002800   Section        0  stm32f0xx_hal_i2c.o(i.I2C_TreatErrorCallback)
    I2C_TreatErrorCallback                   0x08002801   Thumb Code    62  stm32f0xx_hal_i2c.o(i.I2C_TreatErrorCallback)
    i.Key_Scan                               0x0800283e   Section        0  main.o(i.Key_Scan)
    i.MX_ADC_Init                            0x08002858   Section        0  adc.o(i.MX_ADC_Init)
    i.MX_GPIO_Init                           0x080028d0   Section        0  gpio.o(i.MX_GPIO_Init)
    i.MX_I2C1_Init                           0x08002978   Section        0  i2c.o(i.MX_I2C1_Init)
    i.MX_TIM14_Init                          0x080029d4   Section        0  tim.o(i.MX_TIM14_Init)
    i.MX_TIM3_Init                           0x08002a48   Section        0  tim.o(i.MX_TIM3_Init)
    i.NMI_Handler                            0x08002b08   Section        0  stm32f0xx_it.o(i.NMI_Handler)
    i.PendSV_Handler                         0x08002b0c   Section        0  stm32f0xx_it.o(i.PendSV_Handler)
    i.SVC_Handler                            0x08002b0e   Section        0  stm32f0xx_it.o(i.SVC_Handler)
    i.SysTick_Handler                        0x08002b10   Section        0  stm32f0xx_it.o(i.SysTick_Handler)
    i.SystemClock_Config                     0x08002b18   Section        0  main.o(i.SystemClock_Config)
    i.SystemInit                             0x08002b9e   Section        0  system_stm32f0xx.o(i.SystemInit)
    i.TIM14_IRQHandler                       0x08002ba0   Section        0  stm32f0xx_it.o(i.TIM14_IRQHandler)
    i.TIM3_IRQHandler                        0x08002bb0   Section        0  stm32f0xx_it.o(i.TIM3_IRQHandler)
    i.TIM_Base_SetConfig                     0x08002bc0   Section        0  stm32f0xx_hal_tim.o(i.TIM_Base_SetConfig)
    i.TIM_CCxChannelCmd                      0x08002c50   Section        0  stm32f0xx_hal_tim.o(i.TIM_CCxChannelCmd)
    i.TIM_ETR_SetConfig                      0x08002c72   Section        0  stm32f0xx_hal_tim.o(i.TIM_ETR_SetConfig)
    i.TIM_ITRx_SetConfig                     0x08002c8e   Section        0  stm32f0xx_hal_tim.o(i.TIM_ITRx_SetConfig)
    TIM_ITRx_SetConfig                       0x08002c8f   Thumb Code    24  stm32f0xx_hal_tim.o(i.TIM_ITRx_SetConfig)
    i.TIM_OC1_SetConfig                      0x08002ca8   Section        0  stm32f0xx_hal_tim.o(i.TIM_OC1_SetConfig)
    TIM_OC1_SetConfig                        0x08002ca9   Thumb Code   144  stm32f0xx_hal_tim.o(i.TIM_OC1_SetConfig)
    i.TIM_OC2_SetConfig                      0x08002d44   Section        0  stm32f0xx_hal_tim.o(i.TIM_OC2_SetConfig)
    i.TIM_OC3_SetConfig                      0x08002df4   Section        0  stm32f0xx_hal_tim.o(i.TIM_OC3_SetConfig)
    TIM_OC3_SetConfig                        0x08002df5   Thumb Code   158  stm32f0xx_hal_tim.o(i.TIM_OC3_SetConfig)
    i.TIM_OC4_SetConfig                      0x08002ea0   Section        0  stm32f0xx_hal_tim.o(i.TIM_OC4_SetConfig)
    TIM_OC4_SetConfig                        0x08002ea1   Thumb Code   106  stm32f0xx_hal_tim.o(i.TIM_OC4_SetConfig)
    i.TIM_TI1_ConfigInputStage               0x08002f18   Section        0  stm32f0xx_hal_tim.o(i.TIM_TI1_ConfigInputStage)
    TIM_TI1_ConfigInputStage                 0x08002f19   Thumb Code    50  stm32f0xx_hal_tim.o(i.TIM_TI1_ConfigInputStage)
    i.TIM_TI2_ConfigInputStage               0x08002f4a   Section        0  stm32f0xx_hal_tim.o(i.TIM_TI2_ConfigInputStage)
    TIM_TI2_ConfigInputStage                 0x08002f4b   Thumb Code    50  stm32f0xx_hal_tim.o(i.TIM_TI2_ConfigInputStage)
    i.__ARM_common_ll_muluu                  0x08002f7c   Section        0  stm32f0xx_hal_rcc.o(i.__ARM_common_ll_muluu)
    i.__NVIC_SetPriority                     0x08002fac   Section        0  stm32f0xx_hal_cortex.o(i.__NVIC_SetPriority)
    __NVIC_SetPriority                       0x08002fad   Thumb Code   110  stm32f0xx_hal_cortex.o(i.__NVIC_SetPriority)
    i.main                                   0x08003024   Section        0  main.o(i.main)
    .constdata                               0x080031d0   Section       32  stm32f0xx_hal_rcc.o(.constdata)
    aPLLMULFactorTable                       0x080031d0   Data          16  stm32f0xx_hal_rcc.o(.constdata)
    aPredivFactorTable                       0x080031e0   Data          16  stm32f0xx_hal_rcc.o(.constdata)
    .constdata                               0x080031f0   Section       24  system_stm32f0xx.o(.constdata)
    .data                                    0x20000000   Section        9  stm32f0xx_hal.o(.data)
    .data                                    0x2000000c   Section        4  system_stm32f0xx.o(.data)
    .bss                                     0x20000010   Section       64  adc.o(.bss)
    .bss                                     0x20000050   Section       84  i2c.o(.bss)
    .bss                                     0x200000a4   Section      144  tim.o(.bss)
    .bss                                     0x20000134   Section       96  libspace.o(.bss)
    HEAP                                     0x20000198   Section      512  startup_stm32f030x6.o(HEAP)
    Heap_Mem                                 0x20000198   Data         512  startup_stm32f030x6.o(HEAP)
    STACK                                    0x20000398   Section     1024  startup_stm32f030x6.o(STACK)
    Stack_Mem                                0x20000398   Data        1024  startup_stm32f030x6.o(STACK)
    __initial_sp                             0x20000798   Data           0  startup_stm32f030x6.o(STACK)

    Global Symbols

    Symbol Name                              Value     Ov Type        Size  Object(Section)

    BuildAttributes$$THM_ISAv3M$S$PE$A:L22$X:L11$S22$IEEE1$IW$USESV6$~STKCKD$USESV7$~SHL$OSPACE$ROPI$EBA8$UX$STANDARDLIB$REQ8$PRES8$EABIv2 0x00000000   Number         0  anon$$obj.o ABSOLUTE
    __ARM_use_no_argv                        0x00000000   Number         0  main.o ABSOLUTE
    __ARM_exceptions_init                     - Undefined Weak Reference
    __alloca_initialize                       - Undefined Weak Reference
    __arm_fini_                               - Undefined Weak Reference
    __arm_preinit_                            - Undefined Weak Reference
    __cpp_initialize__aeabi_                  - Undefined Weak Reference
    __cxa_finalize                            - Undefined Weak Reference
    __rt_locale                               - Undefined Weak Reference
    __sigvec_lookup                           - Undefined Weak Reference
    _atexit_init                              - Undefined Weak Reference
    _call_atexit_fns                          - Undefined Weak Reference
    _clock_init                               - Undefined Weak Reference
    _fp_trap_init                             - Undefined Weak Reference
    _fp_trap_shutdown                         - Undefined Weak Reference
    _get_lc_collate                           - Undefined Weak Reference
    _get_lc_ctype                             - Undefined Weak Reference
    _get_lc_monetary                          - Undefined Weak Reference
    _get_lc_numeric                           - Undefined Weak Reference
    _get_lc_time                              - Undefined Weak Reference
    _getenv_init                              - Undefined Weak Reference
    _handle_redirection                       - Undefined Weak Reference
    _init_alloc                               - Undefined Weak Reference
    _init_user_alloc                          - Undefined Weak Reference
    _initio                                   - Undefined Weak Reference
    _rand_init                                - Undefined Weak Reference
    _signal_finish                            - Undefined Weak Reference
    _signal_init                              - Undefined Weak Reference
    _terminate_alloc                          - Undefined Weak Reference
    _terminate_user_alloc                     - Undefined Weak Reference
    _terminateio                              - Undefined Weak Reference
    __Vectors_Size                           0x000000b0   Number         0  startup_stm32f030x6.o ABSOLUTE
    __Vectors                                0x08000000   Data           4  startup_stm32f030x6.o(RESET)
    __Vectors_End                            0x080000b0   Data           0  startup_stm32f030x6.o(RESET)
    __main                                   0x080000b1   Thumb Code     8  __main.o(!!!main)
    __scatterload                            0x080000b9   Thumb Code     0  __scatter.o(!!!scatter)
    __scatterload_rt2                        0x080000b9   Thumb Code    52  __scatter.o(!!!scatter)
    __scatterload_rt2_thumb_only             0x080000b9   Thumb Code     0  __scatter.o(!!!scatter)
    __scatterload_null                       0x080000c9   Thumb Code     0  __scatter.o(!!!scatter)
    __scatterload_copy                       0x080000f5   Thumb Code    26  __scatter_copy.o(!!handler_copy)
    __scatterload_zeroinit                   0x08000111   Thumb Code    28  __scatter_zi.o(!!handler_zi)
    __rt_lib_init                            0x0800012d   Thumb Code     0  libinit.o(.ARM.Collect$$libinit$$00000000)
    __rt_lib_init_alloca_1                   0x0800012f   Thumb Code     0  libinit2.o(.ARM.Collect$$libinit$$0000002E)
    __rt_lib_init_argv_1                     0x0800012f   Thumb Code     0  libinit2.o(.ARM.Collect$$libinit$$0000002C)
    __rt_lib_init_atexit_1                   0x0800012f   Thumb Code     0  libinit2.o(.ARM.Collect$$libinit$$0000001B)
    __rt_lib_init_clock_1                    0x0800012f   Thumb Code     0  libinit2.o(.ARM.Collect$$libinit$$00000021)
    __rt_lib_init_cpp_1                      0x0800012f   Thumb Code     0  libinit2.o(.ARM.Collect$$libinit$$00000032)
    __rt_lib_init_exceptions_1               0x0800012f   Thumb Code     0  libinit2.o(.ARM.Collect$$libinit$$00000030)
    __rt_lib_init_fp_1                       0x0800012f   Thumb Code     0  libinit2.o(.ARM.Collect$$libinit$$00000002)
    __rt_lib_init_fp_trap_1                  0x0800012f   Thumb Code     0  libinit2.o(.ARM.Collect$$libinit$$0000001F)
    __rt_lib_init_getenv_1                   0x0800012f   Thumb Code     0  libinit2.o(.ARM.Collect$$libinit$$00000023)
    __rt_lib_init_heap_1                     0x0800012f   Thumb Code     0  libinit2.o(.ARM.Collect$$libinit$$0000000A)
    __rt_lib_init_lc_collate_1               0x0800012f   Thumb Code     0  libinit2.o(.ARM.Collect$$libinit$$00000011)
    __rt_lib_init_lc_ctype_1                 0x0800012f   Thumb Code     0  libinit2.o(.ARM.Collect$$libinit$$00000013)
    __rt_lib_init_lc_monetary_1              0x0800012f   Thumb Code     0  libinit2.o(.ARM.Collect$$libinit$$00000015)
    __rt_lib_init_lc_numeric_1               0x0800012f   Thumb Code     0  libinit2.o(.ARM.Collect$$libinit$$00000017)
    __rt_lib_init_lc_time_1                  0x0800012f   Thumb Code     0  libinit2.o(.ARM.Collect$$libinit$$00000019)
    __rt_lib_init_preinit_1                  0x0800012f   Thumb Code     0  libinit2.o(.ARM.Collect$$libinit$$00000004)
    __rt_lib_init_rand_1                     0x0800012f   Thumb Code     0  libinit2.o(.ARM.Collect$$libinit$$0000000E)
    __rt_lib_init_return                     0x0800012f   Thumb Code     0  libinit2.o(.ARM.Collect$$libinit$$00000033)
    __rt_lib_init_signal_1                   0x0800012f   Thumb Code     0  libinit2.o(.ARM.Collect$$libinit$$0000001D)
    __rt_lib_init_stdio_1                    0x0800012f   Thumb Code     0  libinit2.o(.ARM.Collect$$libinit$$00000025)
    __rt_lib_init_user_alloc_1               0x0800012f   Thumb Code     0  libinit2.o(.ARM.Collect$$libinit$$0000000C)
    __rt_lib_shutdown                        0x08000131   Thumb Code     0  libshutdown.o(.ARM.Collect$$libshutdown$$00000000)
    __rt_lib_shutdown_cpp_1                  0x08000133   Thumb Code     0  libshutdown2.o(.ARM.Collect$$libshutdown$$00000004)
    __rt_lib_shutdown_fini_1                 0x08000133   Thumb Code     0  libshutdown2.o(.ARM.Collect$$libshutdown$$00000002)
    __rt_lib_shutdown_fp_trap_1              0x08000133   Thumb Code     0  libshutdown2.o(.ARM.Collect$$libshutdown$$00000009)
    __rt_lib_shutdown_heap_1                 0x08000133   Thumb Code     0  libshutdown2.o(.ARM.Collect$$libshutdown$$00000011)
    __rt_lib_shutdown_return                 0x08000133   Thumb Code     0  libshutdown2.o(.ARM.Collect$$libshutdown$$00000012)
    __rt_lib_shutdown_signal_1               0x08000133   Thumb Code     0  libshutdown2.o(.ARM.Collect$$libshutdown$$0000000C)
    __rt_lib_shutdown_stdio_1                0x08000133   Thumb Code     0  libshutdown2.o(.ARM.Collect$$libshutdown$$00000006)
    __rt_lib_shutdown_user_alloc_1           0x08000133   Thumb Code     0  libshutdown2.o(.ARM.Collect$$libshutdown$$0000000E)
    __rt_entry                               0x08000135   Thumb Code     0  __rtentry.o(.ARM.Collect$$rtentry$$00000000)
    __rt_entry_presh_1                       0x08000135   Thumb Code     0  __rtentry2.o(.ARM.Collect$$rtentry$$00000002)
    __rt_entry_sh                            0x08000135   Thumb Code     0  __rtentry4.o(.ARM.Collect$$rtentry$$00000004)
    __rt_entry_li                            0x0800013b   Thumb Code     0  __rtentry2.o(.ARM.Collect$$rtentry$$0000000A)
    __rt_entry_postsh_1                      0x0800013b   Thumb Code     0  __rtentry2.o(.ARM.Collect$$rtentry$$00000009)
    __rt_entry_main                          0x0800013f   Thumb Code     0  __rtentry2.o(.ARM.Collect$$rtentry$$0000000D)
    __rt_entry_postli_1                      0x0800013f   Thumb Code     0  __rtentry2.o(.ARM.Collect$$rtentry$$0000000C)
    __rt_exit                                0x08000147   Thumb Code     0  rtexit.o(.ARM.Collect$$rtexit$$00000000)
    __rt_exit_ls                             0x08000149   Thumb Code     0  rtexit2.o(.ARM.Collect$$rtexit$$00000003)
    __rt_exit_prels_1                        0x08000149   Thumb Code     0  rtexit2.o(.ARM.Collect$$rtexit$$00000002)
    __rt_exit_exit                           0x0800014d   Thumb Code     0  rtexit2.o(.ARM.Collect$$rtexit$$00000004)
    Reset_Handler                            0x08000155   Thumb Code     8  startup_stm32f030x6.o(.text)
    DMA1_Channel1_IRQHandler                 0x08000167   Thumb Code     0  startup_stm32f030x6.o(.text)
    DMA1_Channel2_3_IRQHandler               0x08000167   Thumb Code     0  startup_stm32f030x6.o(.text)
    DMA1_Channel4_5_IRQHandler               0x08000167   Thumb Code     0  startup_stm32f030x6.o(.text)
    EXTI0_1_IRQHandler                       0x08000167   Thumb Code     0  startup_stm32f030x6.o(.text)
    EXTI2_3_IRQHandler                       0x08000167   Thumb Code     0  startup_stm32f030x6.o(.text)
    EXTI4_15_IRQHandler                      0x08000167   Thumb Code     0  startup_stm32f030x6.o(.text)
    FLASH_IRQHandler                         0x08000167   Thumb Code     0  startup_stm32f030x6.o(.text)
    RCC_IRQHandler                           0x08000167   Thumb Code     0  startup_stm32f030x6.o(.text)
    RTC_IRQHandler                           0x08000167   Thumb Code     0  startup_stm32f030x6.o(.text)
    SPI1_IRQHandler                          0x08000167   Thumb Code     0  startup_stm32f030x6.o(.text)
    TIM16_IRQHandler                         0x08000167   Thumb Code     0  startup_stm32f030x6.o(.text)
    TIM17_IRQHandler                         0x08000167   Thumb Code     0  startup_stm32f030x6.o(.text)
    TIM1_BRK_UP_TRG_COM_IRQHandler           0x08000167   Thumb Code     0  startup_stm32f030x6.o(.text)
    TIM1_CC_IRQHandler                       0x08000167   Thumb Code     0  startup_stm32f030x6.o(.text)
    USART1_IRQHandler                        0x08000167   Thumb Code     0  startup_stm32f030x6.o(.text)
    WWDG_IRQHandler                          0x08000167   Thumb Code     0  startup_stm32f030x6.o(.text)
    __user_initial_stackheap                 0x08000169   Thumb Code     0  startup_stm32f030x6.o(.text)
    __aeabi_uldivmod                         0x0800018d   Thumb Code   258  lludiv.o(.text)
    _ll_udiv                                 0x0800018d   Thumb Code     0  lludiv.o(.text)
    _memset_w                                0x0800028f   Thumb Code    26  rt_memclr.o(.text)
    _memset                                  0x080002a9   Thumb Code    30  rt_memclr.o(.text)
    __aeabi_memclr                           0x080002c7   Thumb Code     4  rt_memclr.o(.text)
    __rt_memclr                              0x080002c7   Thumb Code     0  rt_memclr.o(.text)
    __aeabi_memclr4                          0x080002cb   Thumb Code     0  rt_memclr.o(.text)
    __aeabi_memclr8                          0x080002cb   Thumb Code     0  rt_memclr.o(.text)
    __rt_memclr_w                            0x080002cb   Thumb Code     4  rt_memclr.o(.text)
    __aeabi_uidiv                            0x080002cf   Thumb Code     0  aeabi_sdiv.o(.text)
    __aeabi_uidivmod                         0x080002cf   Thumb Code    20  aeabi_sdiv.o(.text)
    __aeabi_idiv                             0x080002e3   Thumb Code     0  aeabi_sdiv.o(.text)
    __aeabi_idivmod                          0x080002e3   Thumb Code   326  aeabi_sdiv.o(.text)
    __use_two_region_memory                  0x08000429   Thumb Code     2  heapauxi.o(.text)
    __rt_heap_escrow$2region                 0x0800042b   Thumb Code     2  heapauxi.o(.text)
    __rt_heap_expand$2region                 0x0800042d   Thumb Code     2  heapauxi.o(.text)
    __user_setup_stackheap                   0x0800042f   Thumb Code    62  sys_stackheap_outer.o(.text)
    exit                                     0x0800046d   Thumb Code    16  exit.o(.text)
    __user_libspace                          0x0800047d   Thumb Code     8  libspace.o(.text)
    __user_perproc_libspace                  0x0800047d   Thumb Code     0  libspace.o(.text)
    __user_perthread_libspace                0x0800047d   Thumb Code     0  libspace.o(.text)
    _sys_exit                                0x08000485   Thumb Code     8  sys_exit.o(.text)
    __I$use$semihosting                      0x08000491   Thumb Code     0  use_no_semi.o(.text)
    __use_no_semihosting_swi                 0x08000491   Thumb Code     2  use_no_semi.o(.text)
    __semihosting_library_function           0x08000493   Thumb Code     0  indicate_semi.o(.text)
    ADC1_IRQHandler                          0x08000495   Thumb Code    10  stm32f0xx_it.o(i.ADC1_IRQHandler)
    Error_Handler                            0x080004a5   Thumb Code     6  main.o(i.Error_Handler)
    HAL_ADC_ConfigChannel                    0x080004ad   Thumb Code   374  stm32f0xx_hal_adc.o(i.HAL_ADC_ConfigChannel)
    HAL_ADC_ConvCpltCallback                 0x08000635   Thumb Code     2  stm32f0xx_hal_adc.o(i.HAL_ADC_ConvCpltCallback)
    HAL_ADC_ErrorCallback                    0x08000637   Thumb Code     2  stm32f0xx_hal_adc.o(i.HAL_ADC_ErrorCallback)
    HAL_ADC_IRQHandler                       0x08000639   Thumb Code   252  stm32f0xx_hal_adc.o(i.HAL_ADC_IRQHandler)
    HAL_ADC_Init                             0x08000735   Thumb Code   442  stm32f0xx_hal_adc.o(i.HAL_ADC_Init)
    HAL_ADC_LevelOutOfWindowCallback         0x080008f9   Thumb Code     2  stm32f0xx_hal_adc.o(i.HAL_ADC_LevelOutOfWindowCallback)
    HAL_ADC_MspInit                          0x080008fd   Thumb Code   122  adc.o(i.HAL_ADC_MspInit)
    HAL_DMA_Abort_IT                         0x08000981   Thumb Code    88  stm32f0xx_hal_dma.o(i.HAL_DMA_Abort_IT)
    HAL_DMA_GetState                         0x080009d9   Thumb Code     8  stm32f0xx_hal_dma.o(i.HAL_DMA_GetState)
    HAL_Delay                                0x080009e1   Thumb Code    38  stm32f0xx_hal.o(i.HAL_Delay)
    HAL_GPIO_Init                            0x08000a0d   Thumb Code   470  stm32f0xx_hal_gpio.o(i.HAL_GPIO_Init)
    HAL_GPIO_ReadPin                         0x08000bfd   Thumb Code    18  stm32f0xx_hal_gpio.o(i.HAL_GPIO_ReadPin)
    HAL_GPIO_WritePin                        0x08000c0f   Thumb Code    12  stm32f0xx_hal_gpio.o(i.HAL_GPIO_WritePin)
    HAL_GetTick                              0x08000c1d   Thumb Code     6  stm32f0xx_hal.o(i.HAL_GetTick)
    HAL_I2CEx_ConfigAnalogFilter             0x08000c29   Thumb Code   110  stm32f0xx_hal_i2c_ex.o(i.HAL_I2CEx_ConfigAnalogFilter)
    HAL_I2CEx_ConfigDigitalFilter            0x08000c97   Thumb Code   112  stm32f0xx_hal_i2c_ex.o(i.HAL_I2CEx_ConfigDigitalFilter)
    HAL_I2C_AbortCpltCallback                0x08000d07   Thumb Code     2  stm32f0xx_hal_i2c.o(i.HAL_I2C_AbortCpltCallback)
    HAL_I2C_AddrCallback                     0x08000d09   Thumb Code     2  stm32f0xx_hal_i2c.o(i.HAL_I2C_AddrCallback)
    HAL_I2C_ER_IRQHandler                    0x08000d0b   Thumb Code   140  stm32f0xx_hal_i2c.o(i.HAL_I2C_ER_IRQHandler)
    HAL_I2C_EV_IRQHandler                    0x08000d97   Thumb Code    30  stm32f0xx_hal_i2c.o(i.HAL_I2C_EV_IRQHandler)
    HAL_I2C_ErrorCallback                    0x08000db5   Thumb Code     2  stm32f0xx_hal_i2c.o(i.HAL_I2C_ErrorCallback)
    HAL_I2C_Init                             0x08000db9   Thumb Code   208  stm32f0xx_hal_i2c.o(i.HAL_I2C_Init)
    HAL_I2C_ListenCpltCallback               0x08000e8d   Thumb Code     2  stm32f0xx_hal_i2c.o(i.HAL_I2C_ListenCpltCallback)
    HAL_I2C_MspInit                          0x08000e91   Thumb Code   138  i2c.o(i.HAL_I2C_MspInit)
    HAL_I2C_SlaveRxCpltCallback              0x08000f25   Thumb Code     2  stm32f0xx_hal_i2c.o(i.HAL_I2C_SlaveRxCpltCallback)
    HAL_I2C_SlaveTxCpltCallback              0x08000f27   Thumb Code     2  stm32f0xx_hal_i2c.o(i.HAL_I2C_SlaveTxCpltCallback)
    HAL_IncTick                              0x08000f29   Thumb Code    16  stm32f0xx_hal.o(i.HAL_IncTick)
    HAL_Init                                 0x08000f41   Thumb Code    28  stm32f0xx_hal.o(i.HAL_Init)
    HAL_InitTick                             0x08000f61   Thumb Code    70  stm32f0xx_hal.o(i.HAL_InitTick)
    HAL_MspInit                              0x08000fb5   Thumb Code    60  stm32f0xx_hal_msp.o(i.HAL_MspInit)
    HAL_NVIC_EnableIRQ                       0x08000ff5   Thumb Code    22  stm32f0xx_hal_cortex.o(i.HAL_NVIC_EnableIRQ)
    HAL_NVIC_SetPriority                     0x08001011   Thumb Code    18  stm32f0xx_hal_cortex.o(i.HAL_NVIC_SetPriority)
    HAL_RCCEx_PeriphCLKConfig                0x08001025   Thumb Code   322  stm32f0xx_hal_rcc_ex.o(i.HAL_RCCEx_PeriphCLKConfig)
    HAL_RCC_ClockConfig                      0x08001175   Thumb Code   342  stm32f0xx_hal_rcc.o(i.HAL_RCC_ClockConfig)
    HAL_RCC_GetSysClockFreq                  0x080012e1   Thumb Code   130  stm32f0xx_hal_rcc.o(i.HAL_RCC_GetSysClockFreq)
    HAL_RCC_OscConfig                        0x08001379   Thumb Code  1416  stm32f0xx_hal_rcc.o(i.HAL_RCC_OscConfig)
    HAL_SYSTICK_Config                       0x08001905   Thumb Code    46  stm32f0xx_hal_cortex.o(i.HAL_SYSTICK_Config)
    HAL_TIMEx_BreakCallback                  0x0800193d   Thumb Code     2  stm32f0xx_hal_tim_ex.o(i.HAL_TIMEx_BreakCallback)
    HAL_TIMEx_CommutCallback                 0x0800193f   Thumb Code     2  stm32f0xx_hal_tim_ex.o(i.HAL_TIMEx_CommutCallback)
    HAL_TIMEx_MasterConfigSynchronization    0x08001941   Thumb Code   110  stm32f0xx_hal_tim_ex.o(i.HAL_TIMEx_MasterConfigSynchronization)
    HAL_TIM_Base_Init                        0x080019b9   Thumb Code   100  stm32f0xx_hal_tim.o(i.HAL_TIM_Base_Init)
    HAL_TIM_Base_MspInit                     0x08001a1d   Thumb Code   112  tim.o(i.HAL_TIM_Base_MspInit)
    HAL_TIM_ConfigClockSource                0x08001a99   Thumb Code   280  stm32f0xx_hal_tim.o(i.HAL_TIM_ConfigClockSource)
    HAL_TIM_IC_CaptureCallback               0x08001bb1   Thumb Code     2  stm32f0xx_hal_tim.o(i.HAL_TIM_IC_CaptureCallback)
    HAL_TIM_IRQHandler                       0x08001bb3   Thumb Code   456  stm32f0xx_hal_tim.o(i.HAL_TIM_IRQHandler)
    HAL_TIM_MspPostInit                      0x08001d7d   Thumb Code   206  tim.o(i.HAL_TIM_MspPostInit)
    HAL_TIM_OC_DelayElapsedCallback          0x08001e5d   Thumb Code     2  stm32f0xx_hal_tim.o(i.HAL_TIM_OC_DelayElapsedCallback)
    HAL_TIM_PWM_ConfigChannel                0x08001e5f   Thumb Code   266  stm32f0xx_hal_tim.o(i.HAL_TIM_PWM_ConfigChannel)
    HAL_TIM_PWM_Init                         0x08001f69   Thumb Code   100  stm32f0xx_hal_tim.o(i.HAL_TIM_PWM_Init)
    HAL_TIM_PWM_MspInit                      0x08001fcd   Thumb Code     2  stm32f0xx_hal_tim.o(i.HAL_TIM_PWM_MspInit)
    HAL_TIM_PWM_PulseFinishedCallback        0x08001fcf   Thumb Code     2  stm32f0xx_hal_tim.o(i.HAL_TIM_PWM_PulseFinishedCallback)
    HAL_TIM_PWM_Start                        0x08001fd1   Thumb Code   206  stm32f0xx_hal_tim.o(i.HAL_TIM_PWM_Start)
    HAL_TIM_PeriodElapsedCallback            0x080020b1   Thumb Code     2  stm32f0xx_hal_tim.o(i.HAL_TIM_PeriodElapsedCallback)
    HAL_TIM_TriggerCallback                  0x080020b3   Thumb Code     2  stm32f0xx_hal_tim.o(i.HAL_TIM_TriggerCallback)
    HardFault_Handler                        0x080020b5   Thumb Code     4  stm32f0xx_it.o(i.HardFault_Handler)
    I2C1_IRQHandler                          0x080020b9   Thumb Code    34  stm32f0xx_it.o(i.I2C1_IRQHandler)
    Key_Scan                                 0x0800283f   Thumb Code    24  main.o(i.Key_Scan)
    MX_ADC_Init                              0x08002859   Thumb Code   110  adc.o(i.MX_ADC_Init)
    MX_GPIO_Init                             0x080028d1   Thumb Code   158  gpio.o(i.MX_GPIO_Init)
    MX_I2C1_Init                             0x08002979   Thumb Code    80  i2c.o(i.MX_I2C1_Init)
    MX_TIM14_Init                            0x080029d5   Thumb Code   104  tim.o(i.MX_TIM14_Init)
    MX_TIM3_Init                             0x08002a49   Thumb Code   180  tim.o(i.MX_TIM3_Init)
    NMI_Handler                              0x08002b09   Thumb Code     4  stm32f0xx_it.o(i.NMI_Handler)
    PendSV_Handler                           0x08002b0d   Thumb Code     2  stm32f0xx_it.o(i.PendSV_Handler)
    SVC_Handler                              0x08002b0f   Thumb Code     2  stm32f0xx_it.o(i.SVC_Handler)
    SysTick_Handler                          0x08002b11   Thumb Code     8  stm32f0xx_it.o(i.SysTick_Handler)
    SystemClock_Config                       0x08002b19   Thumb Code   134  main.o(i.SystemClock_Config)
    SystemInit                               0x08002b9f   Thumb Code     2  system_stm32f0xx.o(i.SystemInit)
    TIM14_IRQHandler                         0x08002ba1   Thumb Code    10  stm32f0xx_it.o(i.TIM14_IRQHandler)
    TIM3_IRQHandler                          0x08002bb1   Thumb Code    10  stm32f0xx_it.o(i.TIM3_IRQHandler)
    TIM_Base_SetConfig                       0x08002bc1   Thumb Code   122  stm32f0xx_hal_tim.o(i.TIM_Base_SetConfig)
    TIM_CCxChannelCmd                        0x08002c51   Thumb Code    34  stm32f0xx_hal_tim.o(i.TIM_CCxChannelCmd)
    TIM_ETR_SetConfig                        0x08002c73   Thumb Code    28  stm32f0xx_hal_tim.o(i.TIM_ETR_SetConfig)
    TIM_OC2_SetConfig                        0x08002d45   Thumb Code   162  stm32f0xx_hal_tim.o(i.TIM_OC2_SetConfig)
    __ARM_common_ll_muluu                    0x08002f7d   Thumb Code    48  stm32f0xx_hal_rcc.o(i.__ARM_common_ll_muluu)
    main                                     0x08003025   Thumb Code   414  main.o(i.main)
    AHBPrescTable                            0x080031f0   Data          16  system_stm32f0xx.o(.constdata)
    APBPrescTable                            0x08003200   Data           8  system_stm32f0xx.o(.constdata)
    Region$$Table$$Base                      0x08003208   Number         0  anon$$obj.o(Region$$Table)
    Region$$Table$$Limit                     0x08003228   Number         0  anon$$obj.o(Region$$Table)
    uwTick                                   0x20000000   Data           4  stm32f0xx_hal.o(.data)
    uwTickPrio                               0x20000004   Data           4  stm32f0xx_hal.o(.data)
    uwTickFreq                               0x20000008   Data           1  stm32f0xx_hal.o(.data)
    SystemCoreClock                          0x2000000c   Data           4  system_stm32f0xx.o(.data)
    hadc                                     0x20000010   Data          64  adc.o(.bss)
    hi2c1                                    0x20000050   Data          84  i2c.o(.bss)
    htim3                                    0x200000a4   Data          72  tim.o(.bss)
    htim14                                   0x200000ec   Data          72  tim.o(.bss)
    __libspace_start                         0x20000134   Data          96  libspace.o(.bss)
    __temporary_stack_top$libspace           0x20000194   Data           0  libspace.o(.bss)



==============================================================================

Memory Map of the image

  Image Entry point : 0x080000b1

  Load Region LR_IROM1 (Base: 0x08000000, Size: 0x00003238, Max: 0x00004000, ABSOLUTE)

    Execution Region ER_IROM1 (Exec base: 0x08000000, Load base: 0x08000000, Size: 0x00003228, Max: 0x00004000, ABSOLUTE)

    Exec Addr    Load Addr    Size         Type   Attr      Idx    E Section Name        Object

    0x08000000   0x08000000   0x000000b0   Data   RO            3    RESET               startup_stm32f030x6.o
    0x080000b0   0x080000b0   0x00000008   Code   RO         3033  * !!!main             c_p.l(__main.o)
    0x080000b8   0x080000b8   0x0000003c   Code   RO         3208    !!!scatter          c_p.l(__scatter.o)
    0x080000f4   0x080000f4   0x0000001a   Code   RO         3210    !!handler_copy      c_p.l(__scatter_copy.o)
    0x0800010e   0x0800010e   0x00000002   PAD
    0x08000110   0x08000110   0x0000001c   Code   RO         3212    !!handler_zi        c_p.l(__scatter_zi.o)
    0x0800012c   0x0800012c   0x00000002   Code   RO         3075    .ARM.Collect$$libinit$$00000000  c_p.l(libinit.o)
    0x0800012e   0x0800012e   0x00000000   Code   RO         3089    .ARM.Collect$$libinit$$00000002  c_p.l(libinit2.o)
    0x0800012e   0x0800012e   0x00000000   Code   RO         3091    .ARM.Collect$$libinit$$00000004  c_p.l(libinit2.o)
    0x0800012e   0x0800012e   0x00000000   Code   RO         3094    .ARM.Collect$$libinit$$0000000A  c_p.l(libinit2.o)
    0x0800012e   0x0800012e   0x00000000   Code   RO         3096    .ARM.Collect$$libinit$$0000000C  c_p.l(libinit2.o)
    0x0800012e   0x0800012e   0x00000000   Code   RO         3098    .ARM.Collect$$libinit$$0000000E  c_p.l(libinit2.o)
    0x0800012e   0x0800012e   0x00000000   Code   RO         3101    .ARM.Collect$$libinit$$00000011  c_p.l(libinit2.o)
    0x0800012e   0x0800012e   0x00000000   Code   RO         3103    .ARM.Collect$$libinit$$00000013  c_p.l(libinit2.o)
    0x0800012e   0x0800012e   0x00000000   Code   RO         3105    .ARM.Collect$$libinit$$00000015  c_p.l(libinit2.o)
    0x0800012e   0x0800012e   0x00000000   Code   RO         3107    .ARM.Collect$$libinit$$00000017  c_p.l(libinit2.o)
    0x0800012e   0x0800012e   0x00000000   Code   RO         3109    .ARM.Collect$$libinit$$00000019  c_p.l(libinit2.o)
    0x0800012e   0x0800012e   0x00000000   Code   RO         3111    .ARM.Collect$$libinit$$0000001B  c_p.l(libinit2.o)
    0x0800012e   0x0800012e   0x00000000   Code   RO         3113    .ARM.Collect$$libinit$$0000001D  c_p.l(libinit2.o)
    0x0800012e   0x0800012e   0x00000000   Code   RO         3115    .ARM.Collect$$libinit$$0000001F  c_p.l(libinit2.o)
    0x0800012e   0x0800012e   0x00000000   Code   RO         3117    .ARM.Collect$$libinit$$00000021  c_p.l(libinit2.o)
    0x0800012e   0x0800012e   0x00000000   Code   RO         3119    .ARM.Collect$$libinit$$00000023  c_p.l(libinit2.o)
    0x0800012e   0x0800012e   0x00000000   Code   RO         3121    .ARM.Collect$$libinit$$00000025  c_p.l(libinit2.o)
    0x0800012e   0x0800012e   0x00000000   Code   RO         3125    .ARM.Collect$$libinit$$0000002C  c_p.l(libinit2.o)
    0x0800012e   0x0800012e   0x00000000   Code   RO         3127    .ARM.Collect$$libinit$$0000002E  c_p.l(libinit2.o)
    0x0800012e   0x0800012e   0x00000000   Code   RO         3129    .ARM.Collect$$libinit$$00000030  c_p.l(libinit2.o)
    0x0800012e   0x0800012e   0x00000000   Code   RO         3131    .ARM.Collect$$libinit$$00000032  c_p.l(libinit2.o)
    0x0800012e   0x0800012e   0x00000002   Code   RO         3132    .ARM.Collect$$libinit$$00000033  c_p.l(libinit2.o)
    0x08000130   0x08000130   0x00000002   Code   RO         3163    .ARM.Collect$$libshutdown$$00000000  c_p.l(libshutdown.o)
    0x08000132   0x08000132   0x00000000   Code   RO         3189    .ARM.Collect$$libshutdown$$00000002  c_p.l(libshutdown2.o)
    0x08000132   0x08000132   0x00000000   Code   RO         3191    .ARM.Collect$$libshutdown$$00000004  c_p.l(libshutdown2.o)
    0x08000132   0x08000132   0x00000000   Code   RO         3193    .ARM.Collect$$libshutdown$$00000006  c_p.l(libshutdown2.o)
    0x08000132   0x08000132   0x00000000   Code   RO         3196    .ARM.Collect$$libshutdown$$00000009  c_p.l(libshutdown2.o)
    0x08000132   0x08000132   0x00000000   Code   RO         3199    .ARM.Collect$$libshutdown$$0000000C  c_p.l(libshutdown2.o)
    0x08000132   0x08000132   0x00000000   Code   RO         3201    .ARM.Collect$$libshutdown$$0000000E  c_p.l(libshutdown2.o)
    0x08000132   0x08000132   0x00000000   Code   RO         3204    .ARM.Collect$$libshutdown$$00000011  c_p.l(libshutdown2.o)
    0x08000132   0x08000132   0x00000002   Code   RO         3205    .ARM.Collect$$libshutdown$$00000012  c_p.l(libshutdown2.o)
    0x08000134   0x08000134   0x00000000   Code   RO         3035    .ARM.Collect$$rtentry$$00000000  c_p.l(__rtentry.o)
    0x08000134   0x08000134   0x00000000   Code   RO         3045    .ARM.Collect$$rtentry$$00000002  c_p.l(__rtentry2.o)
    0x08000134   0x08000134   0x00000006   Code   RO         3057    .ARM.Collect$$rtentry$$00000004  c_p.l(__rtentry4.o)
    0x0800013a   0x0800013a   0x00000000   Code   RO         3047    .ARM.Collect$$rtentry$$00000009  c_p.l(__rtentry2.o)
    0x0800013a   0x0800013a   0x00000004   Code   RO         3048    .ARM.Collect$$rtentry$$0000000A  c_p.l(__rtentry2.o)
    0x0800013e   0x0800013e   0x00000000   Code   RO         3050    .ARM.Collect$$rtentry$$0000000C  c_p.l(__rtentry2.o)
    0x0800013e   0x0800013e   0x00000008   Code   RO         3051    .ARM.Collect$$rtentry$$0000000D  c_p.l(__rtentry2.o)
    0x08000146   0x08000146   0x00000002   Code   RO         3080    .ARM.Collect$$rtexit$$00000000  c_p.l(rtexit.o)
    0x08000148   0x08000148   0x00000000   Code   RO         3136    .ARM.Collect$$rtexit$$00000002  c_p.l(rtexit2.o)
    0x08000148   0x08000148   0x00000004   Code   RO         3137    .ARM.Collect$$rtexit$$00000003  c_p.l(rtexit2.o)
    0x0800014c   0x0800014c   0x00000006   Code   RO         3138    .ARM.Collect$$rtexit$$00000004  c_p.l(rtexit2.o)
    0x08000152   0x08000152   0x00000002   PAD
    0x08000154   0x08000154   0x00000038   Code   RO            4    .text               startup_stm32f030x6.o
    0x0800018c   0x0800018c   0x00000102   Code   RO         3023    .text               c_p.l(lludiv.o)
    0x0800028e   0x0800028e   0x00000040   Code   RO         3025    .text               c_p.l(rt_memclr.o)
    0x080002ce   0x080002ce   0x0000015a   Code   RO         3027    .text               c_p.l(aeabi_sdiv.o)
    0x08000428   0x08000428   0x00000006   Code   RO         3031    .text               c_p.l(heapauxi.o)
    0x0800042e   0x0800042e   0x0000003e   Code   RO         3061    .text               c_p.l(sys_stackheap_outer.o)
    0x0800046c   0x0800046c   0x00000010   Code   RO         3064    .text               c_p.l(exit.o)
    0x0800047c   0x0800047c   0x00000008   Code   RO         3076    .text               c_p.l(libspace.o)
    0x08000484   0x08000484   0x0000000c   Code   RO         3133    .text               c_p.l(sys_exit.o)
    0x08000490   0x08000490   0x00000002   Code   RO         3152    .text               c_p.l(use_no_semi.o)
    0x08000492   0x08000492   0x00000000   Code   RO         3154    .text               c_p.l(indicate_semi.o)
    0x08000492   0x08000492   0x00000002   PAD
    0x08000494   0x08000494   0x00000010   Code   RO          310    i.ADC1_IRQHandler   stm32f0xx_it.o
    0x080004a4   0x080004a4   0x00000006   Code   RO           12    i.Error_Handler     main.o
    0x080004aa   0x080004aa   0x00000002   PAD
    0x080004ac   0x080004ac   0x00000188   Code   RO          409    i.HAL_ADC_ConfigChannel  stm32f0xx_hal_adc.o
    0x08000634   0x08000634   0x00000002   Code   RO          410    i.HAL_ADC_ConvCpltCallback  stm32f0xx_hal_adc.o
    0x08000636   0x08000636   0x00000002   Code   RO          413    i.HAL_ADC_ErrorCallback  stm32f0xx_hal_adc.o
    0x08000638   0x08000638   0x000000fc   Code   RO          417    i.HAL_ADC_IRQHandler  stm32f0xx_hal_adc.o
    0x08000734   0x08000734   0x000001c4   Code   RO          418    i.HAL_ADC_Init      stm32f0xx_hal_adc.o
    0x080008f8   0x080008f8   0x00000002   Code   RO          419    i.HAL_ADC_LevelOutOfWindowCallback  stm32f0xx_hal_adc.o
    0x080008fa   0x080008fa   0x00000002   PAD
    0x080008fc   0x080008fc   0x00000084   Code   RO          185    i.HAL_ADC_MspInit   adc.o
    0x08000980   0x08000980   0x00000058   Code   RO         1454    i.HAL_DMA_Abort_IT  stm32f0xx_hal_dma.o
    0x080009d8   0x080009d8   0x00000008   Code   RO         1457    i.HAL_DMA_GetState  stm32f0xx_hal_dma.o
    0x080009e0   0x080009e0   0x0000002c   Code   RO          730    i.HAL_Delay         stm32f0xx_hal.o
    0x08000a0c   0x08000a0c   0x000001f0   Code   RO         1392    i.HAL_GPIO_Init     stm32f0xx_hal_gpio.o
    0x08000bfc   0x08000bfc   0x00000012   Code   RO         1394    i.HAL_GPIO_ReadPin  stm32f0xx_hal_gpio.o
    0x08000c0e   0x08000c0e   0x0000000c   Code   RO         1396    i.HAL_GPIO_WritePin  stm32f0xx_hal_gpio.o
    0x08000c1a   0x08000c1a   0x00000002   PAD
    0x08000c1c   0x08000c1c   0x0000000c   Code   RO          734    i.HAL_GetTick       stm32f0xx_hal.o
    0x08000c28   0x08000c28   0x0000006e   Code   RO         1351    i.HAL_I2CEx_ConfigAnalogFilter  stm32f0xx_hal_i2c_ex.o
    0x08000c96   0x08000c96   0x00000070   Code   RO         1352    i.HAL_I2CEx_ConfigDigitalFilter  stm32f0xx_hal_i2c_ex.o
    0x08000d06   0x08000d06   0x00000002   Code   RO          883    i.HAL_I2C_AbortCpltCallback  stm32f0xx_hal_i2c.o
    0x08000d08   0x08000d08   0x00000002   Code   RO          884    i.HAL_I2C_AddrCallback  stm32f0xx_hal_i2c.o
    0x08000d0a   0x08000d0a   0x0000008c   Code   RO          887    i.HAL_I2C_ER_IRQHandler  stm32f0xx_hal_i2c.o
    0x08000d96   0x08000d96   0x0000001e   Code   RO          888    i.HAL_I2C_EV_IRQHandler  stm32f0xx_hal_i2c.o
    0x08000db4   0x08000db4   0x00000002   Code   RO          890    i.HAL_I2C_ErrorCallback  stm32f0xx_hal_i2c.o
    0x08000db6   0x08000db6   0x00000002   PAD
    0x08000db8   0x08000db8   0x000000d4   Code   RO          894    i.HAL_I2C_Init      stm32f0xx_hal_i2c.o
    0x08000e8c   0x08000e8c   0x00000002   Code   RO          896    i.HAL_I2C_ListenCpltCallback  stm32f0xx_hal_i2c.o
    0x08000e8e   0x08000e8e   0x00000002   PAD
    0x08000e90   0x08000e90   0x00000094   Code   RO          223    i.HAL_I2C_MspInit   i2c.o
    0x08000f24   0x08000f24   0x00000002   Code   RO          920    i.HAL_I2C_SlaveRxCpltCallback  stm32f0xx_hal_i2c.o
    0x08000f26   0x08000f26   0x00000002   Code   RO          921    i.HAL_I2C_SlaveTxCpltCallback  stm32f0xx_hal_i2c.o
    0x08000f28   0x08000f28   0x00000018   Code   RO          740    i.HAL_IncTick       stm32f0xx_hal.o
    0x08000f40   0x08000f40   0x00000020   Code   RO          741    i.HAL_Init          stm32f0xx_hal.o
    0x08000f60   0x08000f60   0x00000054   Code   RO          742    i.HAL_InitTick      stm32f0xx_hal.o
    0x08000fb4   0x08000fb4   0x00000040   Code   RO          382    i.HAL_MspInit       stm32f0xx_hal_msp.o
    0x08000ff4   0x08000ff4   0x0000001c   Code   RO         1551    i.HAL_NVIC_EnableIRQ  stm32f0xx_hal_cortex.o
    0x08001010   0x08001010   0x00000012   Code   RO         1555    i.HAL_NVIC_SetPriority  stm32f0xx_hal_cortex.o
    0x08001022   0x08001022   0x00000002   PAD
    0x08001024   0x08001024   0x00000150   Code   RO          695    i.HAL_RCCEx_PeriphCLKConfig  stm32f0xx_hal_rcc_ex.o
    0x08001174   0x08001174   0x0000016c   Code   RO          599    i.HAL_RCC_ClockConfig  stm32f0xx_hal_rcc.o
    0x080012e0   0x080012e0   0x00000098   Code   RO          607    i.HAL_RCC_GetSysClockFreq  stm32f0xx_hal_rcc.o
    0x08001378   0x08001378   0x0000058c   Code   RO          610    i.HAL_RCC_OscConfig  stm32f0xx_hal_rcc.o
    0x08001904   0x08001904   0x00000038   Code   RO         1559    i.HAL_SYSTICK_Config  stm32f0xx_hal_cortex.o
    0x0800193c   0x0800193c   0x00000002   Code   RO         2725    i.HAL_TIMEx_BreakCallback  stm32f0xx_hal_tim_ex.o
    0x0800193e   0x0800193e   0x00000002   Code   RO         2726    i.HAL_TIMEx_CommutCallback  stm32f0xx_hal_tim_ex.o
    0x08001940   0x08001940   0x00000078   Code   RO         2744    i.HAL_TIMEx_MasterConfigSynchronization  stm32f0xx_hal_tim_ex.o
    0x080019b8   0x080019b8   0x00000064   Code   RO         2014    i.HAL_TIM_Base_Init  stm32f0xx_hal_tim.o
    0x08001a1c   0x08001a1c   0x0000007c   Code   RO          261    i.HAL_TIM_Base_MspInit  tim.o
    0x08001a98   0x08001a98   0x00000118   Code   RO         2023    i.HAL_TIM_ConfigClockSource  stm32f0xx_hal_tim.o
    0x08001bb0   0x08001bb0   0x00000002   Code   RO         2048    i.HAL_TIM_IC_CaptureCallback  stm32f0xx_hal_tim.o
    0x08001bb2   0x08001bb2   0x000001c8   Code   RO         2062    i.HAL_TIM_IRQHandler  stm32f0xx_hal_tim.o
    0x08001d7a   0x08001d7a   0x00000002   PAD
    0x08001d7c   0x08001d7c   0x000000e0   Code   RO          262    i.HAL_TIM_MspPostInit  tim.o
    0x08001e5c   0x08001e5c   0x00000002   Code   RO         2065    i.HAL_TIM_OC_DelayElapsedCallback  stm32f0xx_hal_tim.o
    0x08001e5e   0x08001e5e   0x0000010a   Code   RO         2086    i.HAL_TIM_PWM_ConfigChannel  stm32f0xx_hal_tim.o
    0x08001f68   0x08001f68   0x00000064   Code   RO         2089    i.HAL_TIM_PWM_Init  stm32f0xx_hal_tim.o
    0x08001fcc   0x08001fcc   0x00000002   Code   RO         2091    i.HAL_TIM_PWM_MspInit  stm32f0xx_hal_tim.o
    0x08001fce   0x08001fce   0x00000002   Code   RO         2092    i.HAL_TIM_PWM_PulseFinishedCallback  stm32f0xx_hal_tim.o
    0x08001fd0   0x08001fd0   0x000000e0   Code   RO         2094    i.HAL_TIM_PWM_Start  stm32f0xx_hal_tim.o
    0x080020b0   0x080020b0   0x00000002   Code   RO         2100    i.HAL_TIM_PeriodElapsedCallback  stm32f0xx_hal_tim.o
    0x080020b2   0x080020b2   0x00000002   Code   RO         2105    i.HAL_TIM_TriggerCallback  stm32f0xx_hal_tim.o
    0x080020b4   0x080020b4   0x00000004   Code   RO          311    i.HardFault_Handler  stm32f0xx_it.o
    0x080020b8   0x080020b8   0x00000028   Code   RO          312    i.I2C1_IRQHandler   stm32f0xx_it.o
    0x080020e0   0x080020e0   0x00000026   Code   RO          933    i.I2C_DMAAbort      stm32f0xx_hal_i2c.o
    0x08002106   0x08002106   0x00000074   Code   RO          939    i.I2C_Disable_IRQ   stm32f0xx_hal_i2c.o
    0x0800217a   0x0800217a   0x00000032   Code   RO          941    i.I2C_Flush_TXDR    stm32f0xx_hal_i2c.o
    0x080021ac   0x080021ac   0x000000d0   Code   RO          942    i.I2C_ITAddrCplt    stm32f0xx_hal_i2c.o
    0x0800227c   0x0800227c   0x0000015c   Code   RO          943    i.I2C_ITError       stm32f0xx_hal_i2c.o
    0x080023d8   0x080023d8   0x00000078   Code   RO          944    i.I2C_ITListenCplt  stm32f0xx_hal_i2c.o
    0x08002450   0x08002450   0x00000198   Code   RO          947    i.I2C_ITSlaveCplt   stm32f0xx_hal_i2c.o
    0x080025e8   0x080025e8   0x0000009c   Code   RO          948    i.I2C_ITSlaveSeqCplt  stm32f0xx_hal_i2c.o
    0x08002684   0x08002684   0x0000017c   Code   RO          957    i.I2C_Slave_ISR_IT  stm32f0xx_hal_i2c.o
    0x08002800   0x08002800   0x0000003e   Code   RO          959    i.I2C_TreatErrorCallback  stm32f0xx_hal_i2c.o
    0x0800283e   0x0800283e   0x00000018   Code   RO           13    i.Key_Scan          main.o
    0x08002856   0x08002856   0x00000002   PAD
    0x08002858   0x08002858   0x00000078   Code   RO          186    i.MX_ADC_Init       adc.o
    0x080028d0   0x080028d0   0x000000a8   Code   RO          164    i.MX_GPIO_Init      gpio.o
    0x08002978   0x08002978   0x0000005c   Code   RO          224    i.MX_I2C1_Init      i2c.o
    0x080029d4   0x080029d4   0x00000074   Code   RO          263    i.MX_TIM14_Init     tim.o
    0x08002a48   0x08002a48   0x000000c0   Code   RO          264    i.MX_TIM3_Init      tim.o
    0x08002b08   0x08002b08   0x00000004   Code   RO          313    i.NMI_Handler       stm32f0xx_it.o
    0x08002b0c   0x08002b0c   0x00000002   Code   RO          314    i.PendSV_Handler    stm32f0xx_it.o
    0x08002b0e   0x08002b0e   0x00000002   Code   RO          315    i.SVC_Handler       stm32f0xx_it.o
    0x08002b10   0x08002b10   0x00000008   Code   RO          316    i.SysTick_Handler   stm32f0xx_it.o
    0x08002b18   0x08002b18   0x00000086   Code   RO           14    i.SystemClock_Config  main.o
    0x08002b9e   0x08002b9e   0x00000002   Code   RO         2989    i.SystemInit        system_stm32f0xx.o
    0x08002ba0   0x08002ba0   0x00000010   Code   RO          317    i.TIM14_IRQHandler  stm32f0xx_it.o
    0x08002bb0   0x08002bb0   0x00000010   Code   RO          318    i.TIM3_IRQHandler   stm32f0xx_it.o
    0x08002bc0   0x08002bc0   0x00000090   Code   RO         2107    i.TIM_Base_SetConfig  stm32f0xx_hal_tim.o
    0x08002c50   0x08002c50   0x00000022   Code   RO         2108    i.TIM_CCxChannelCmd  stm32f0xx_hal_tim.o
    0x08002c72   0x08002c72   0x0000001c   Code   RO         2118    i.TIM_ETR_SetConfig  stm32f0xx_hal_tim.o
    0x08002c8e   0x08002c8e   0x00000018   Code   RO         2119    i.TIM_ITRx_SetConfig  stm32f0xx_hal_tim.o
    0x08002ca6   0x08002ca6   0x00000002   PAD
    0x08002ca8   0x08002ca8   0x0000009c   Code   RO         2120    i.TIM_OC1_SetConfig  stm32f0xx_hal_tim.o
    0x08002d44   0x08002d44   0x000000b0   Code   RO         2121    i.TIM_OC2_SetConfig  stm32f0xx_hal_tim.o
    0x08002df4   0x08002df4   0x000000ac   Code   RO         2122    i.TIM_OC3_SetConfig  stm32f0xx_hal_tim.o
    0x08002ea0   0x08002ea0   0x00000078   Code   RO         2123    i.TIM_OC4_SetConfig  stm32f0xx_hal_tim.o
    0x08002f18   0x08002f18   0x00000032   Code   RO         2125    i.TIM_TI1_ConfigInputStage  stm32f0xx_hal_tim.o
    0x08002f4a   0x08002f4a   0x00000032   Code   RO         2127    i.TIM_TI2_ConfigInputStage  stm32f0xx_hal_tim.o
    0x08002f7c   0x08002f7c   0x00000030   Code   RO          686    i.__ARM_common_ll_muluu  stm32f0xx_hal_rcc.o
    0x08002fac   0x08002fac   0x00000078   Code   RO         1561    i.__NVIC_SetPriority  stm32f0xx_hal_cortex.o
    0x08003024   0x08003024   0x000001ac   Code   RO           15    i.main              main.o
    0x080031d0   0x080031d0   0x00000020   Data   RO          611    .constdata          stm32f0xx_hal_rcc.o
    0x080031f0   0x080031f0   0x00000018   Data   RO         2990    .constdata          system_stm32f0xx.o
    0x08003208   0x08003208   0x00000020   Data   RO         3206    Region$$Table       anon$$obj.o


    Execution Region RW_IRAM1 (Exec base: 0x20000000, Load base: 0x08003228, Size: 0x00000798, Max: 0x00001000, ABSOLUTE)

    Exec Addr    Load Addr    Size         Type   Attr      Idx    E Section Name        Object

    0x20000000   0x08003228   0x00000009   Data   RW          748    .data               stm32f0xx_hal.o
    0x20000009   0x08003231   0x00000003   PAD
    0x2000000c   0x08003234   0x00000004   Data   RW         2991    .data               system_stm32f0xx.o
    0x20000010        -       0x00000040   Zero   RW          187    .bss                adc.o
    0x20000050        -       0x00000054   Zero   RW          225    .bss                i2c.o
    0x200000a4        -       0x00000090   Zero   RW          265    .bss                tim.o
    0x20000134        -       0x00000060   Zero   RW         3077    .bss                c_p.l(libspace.o)
    0x20000194   0x08003238   0x00000004   PAD
    0x20000198        -       0x00000200   Zero   RW            2    HEAP                startup_stm32f030x6.o
    0x20000398        -       0x00000400   Zero   RW            1    STACK               startup_stm32f030x6.o


==============================================================================

Image component sizes


      Code (inc. data)   RO Data    RW Data    ZI Data      Debug   Object Name

       252         20          0          0         64       1567   adc.o
       168         10          0          0          0        851   gpio.o
       240         22          0          0         84       1533   i2c.o
       592         14          0          0          0     273619   main.o
        56         26        176          0       1536        612   startup_stm32f030x6.o
       196         38          0          9          0       8241   stm32f0xx_hal.o
      1102         28          0          0          0       5322   stm32f0xx_hal_adc.o
       222         26          0          0          0      10733   stm32f0xx_hal_cortex.o
        96          0          0          0          0       1822   stm32f0xx_hal_dma.o
       526         26          0          0          0       2891   stm32f0xx_hal_gpio.o
      2280         46          0          0          0      16023   stm32f0xx_hal_i2c.o
       222          0          0          0          0       2107   stm32f0xx_hal_i2c_ex.o
        64          4          0          0          0        770   stm32f0xx_hal_msp.o
      1984         62         32          0          0       4308   stm32f0xx_hal_rcc.o
       336         14          0          0          0       1556   stm32f0xx_hal_rcc_ex.o
      2392         94          0          0          0      16784   stm32f0xx_hal_tim.o
       124         10          0          0          0       2669   stm32f0xx_hal_tim_ex.o
       108         24          0          0          0       3724   stm32f0xx_it.o
         2          0         24          4          0       1091   system_stm32f0xx.o
       656         54          0          0        144       2935   tim.o

    ----------------------------------------------------------------------
     11636        518        264         16       1828     359158   Object Totals
         0          0         32          0          0          0   (incl. Generated)
        18          0          0          3          0          0   (incl. Padding)

    ----------------------------------------------------------------------

      Code (inc. data)   RO Data    RW Data    ZI Data      Debug   Library Member Name

         8          0          0          0          0         68   __main.o
         0          0          0          0          0          0   __rtentry.o
        12          0          0          0          0          0   __rtentry2.o
         6          0          0          0          0          0   __rtentry4.o
        60          8          0          0          0          0   __scatter.o
        26          0          0          0          0          0   __scatter_copy.o
        28          0          0          0          0          0   __scatter_zi.o
       346          0          0          0          0         92   aeabi_sdiv.o
        16          0          0          0          0         68   exit.o
         6          0          0          0          0        136   heapauxi.o
         0          0          0          0          0          0   indicate_semi.o
         2          0          0          0          0          0   libinit.o
         2          0          0          0          0          0   libinit2.o
         2          0          0          0          0          0   libshutdown.o
         2          0          0          0          0          0   libshutdown2.o
         8          4          0          0         96         68   libspace.o
       258          0          0          0          0         88   lludiv.o
        64          0          0          0          0        108   rt_memclr.o
         2          0          0          0          0          0   rtexit.o
        10          0          0          0          0          0   rtexit2.o
        12          4          0          0          0         60   sys_exit.o
        62          0          0          0          0         80   sys_stackheap_outer.o
         2          0          0          0          0         68   use_no_semi.o

    ----------------------------------------------------------------------
       940         16          0          0        100        836   Library Totals
         6          0          0          0          4          0   (incl. Padding)

    ----------------------------------------------------------------------

      Code (inc. data)   RO Data    RW Data    ZI Data      Debug   Library Name

       934         16          0          0         96        836   c_p.l

    ----------------------------------------------------------------------
       940         16          0          0        100        836   Library Totals

    ----------------------------------------------------------------------

==============================================================================


      Code (inc. data)   RO Data    RW Data    ZI Data      Debug   

     12576        534        264         16       1928     355758   Grand Totals
     12576        534        264         16       1928     355758   ELF Image Totals
     12576        534        264         16          0          0   ROM Totals

==============================================================================

    Total RO  Size (Code + RO Data)                12840 (  12.54kB)
    Total RW  Size (RW Data + ZI Data)              1944 (   1.90kB)
    Total ROM Size (Code + RO Data + RW Data)      12856 (  12.55kB)

==============================================================================

